MPLINK 3.90, Linker
Linker Map File - Created Mon Feb 19 19:37:11 2007

                                 Section Info
                  Section       Type    Address   Location Size(Bytes)
                ---------  ---------  ---------  ---------  ---------
               _entry_scn       code   0x000800    program   0x000006
 .idata_user_routines.o_i    romdata   0x000806    program   0x000000
        .idata_u1open.o_i    romdata   0x000806    program   0x000000
 .idata_tracking_menu.o_i    romdata   0x000806    program   0x000002
      InterruptVectorHigh       code   0x000808    program   0x000006
          .code_adcbusy.o       code   0x00080e    program   0x00000a
       InterruptVectorLow       code   0x000818    program   0x000006
                   .cinit    romdata   0x00081e    program   0x00009e
   .code_catlin_mecanum.o       code   0x0008bc    program   0x001d68
  .code_catlin_auto_tom.o       code   0x002624    program   0x00108e
    .code_tracking_menu.o       code   0x0036b2    program   0x000e3e
         .code_vfprintf.o       code   0x0044f0    program   0x000c22
      .code_camera_menu.o       code   0x005112    program   0x000afa
             .stringtable    romdata   0x005c0c    program   0x000914
           .code_camera.o       code   0x006520    program   0x0007fa
         .code_tracking.o       code   0x006d1a    program   0x00079e
      .code_ifi_library.o       code   0x0074b8    program   0x000722
                     PROG       code   0x007bda    program   0x000706
    .code_user_routines.o       code   0x0082e0    program   0x0006e0
      .code_catlin_gyro.o       code   0x0089c0    program   0x00061c
           .code_sincos.o       code   0x008fdc    program   0x0005a6
             .code_sqrt.o       code   0x009582    program   0x000442
                 UTIL_LIB       code   0x0099c4    program   0x000396
   .code_catlin_control.o       code   0x009d5a    program   0x000396
       .code_interrupts.o       code   0x00a0f0    program   0x00036e
  .code_catlin_routines.o       code   0x00a45e    program   0x0002e0
     .code_serial_ports.o       code   0x00a73e    program   0x0002d4
.code_user_routines_fast.o       code   0x00aa12    program   0x00029a
       .code_catlin_arm.o       code   0x00acac    program   0x000240
    .code_ifi_utilities.o       code   0x00aeec    program   0x0001de
         .code_terminal.o       code   0x00b0ca    program   0x0001d4
              .code_pwm.o       code   0x00b29e    program   0x0001ac
           .code_eeprom.o       code   0x00b44a    program   0x0001a4
            .code_ldexp.o       code   0x00b5ee    program   0x000134
         .code_UnpkMath.o       code   0x00b722    program   0x00011c
         .code_PackMath.o       code   0x00b83e    program   0x00011a
               _cinit_scn       code   0x00b958    program   0x00009e
           .code_printf.o       code   0x00b9f6    program   0x000094
             .code_putc.o       code   0x00ba8a    program   0x000084
          .code_fxm3232.o       code   0x00bb0e    program   0x000070
          .code_adcopen.o       code   0x00bb7e    program   0x000068
                   STRING       code   0x00bbe6    program   0x000066
         .code_spi1open.o       code   0x00bc4c    program   0x000066
             .code_fabs.o       code   0x00bcb2    program   0x000066
           .code_u1open.o       code   0x00bd18    program   0x000064
              .code_sin.o       code   0x00bd7c    program   0x000050
              .code_cos.o       code   0x00bdcc    program   0x00004e
         .code_fxd3232u.o       code   0x00be1a    program   0x000048
          .code_adcread.o       code   0x00be62    program   0x00003e
         .code_fxd1616u.o       code   0x00bea0    program   0x00002c
             .code_main.o       code   0x00becc    program   0x000028
                    CTYPE       code   0x00bef4    program   0x000024
             _startup_scn       code   0x00bf18    program   0x000020
              D1KTCYXCODE       code   0x00bf38    program   0x000020
                    STDIO       code   0x00bf58    program   0x00001c
              D10TCYXCODE       code   0x00bf74    program   0x000016
      .romdata_vfprintf.o    romdata   0x00bf8a    program   0x000011
      .idata_vfprintf.o_i    romdata   0x00bf9b    program   0x000000
        .romdata_stdout.o    romdata   0x00bf9b    program   0x000000
      .romdata_fxd1616u.o    romdata   0x00bf9b    program   0x000000
      .romdata_fxd3232u.o    romdata   0x00bf9b    program   0x000000
   .romdata_ifi_library.o    romdata   0x00bf9b    program   0x000000
         .romdata_ldexp.o    romdata   0x00bf9b    program   0x000000
      .romdata_PackMath.o    romdata   0x00bf9b    program   0x000000
          .romdata_putc.o    romdata   0x00bf9b    program   0x000000
          .romdata_sqrt.o    romdata   0x00bf9b    program   0x000000
           .romdata_sin.o    romdata   0x00bf9b    program   0x000000
        .romdata_u1open.o    romdata   0x00bf9b    program   0x000000
        .romdata_printf.o    romdata   0x00bf9b    program   0x000000
          .romdata_fabs.o    romdata   0x00bf9b    program   0x000000
       .romdata_adcopen.o    romdata   0x00bf9b    program   0x000000
       .romdata_fxm3232.o    romdata   0x00bf9b    program   0x000000
         .romdata_errno.o    romdata   0x00bf9b    program   0x000000
      .romdata_spi1open.o    romdata   0x00bf9b    program   0x000000
      .romdata_UnpkMath.o    romdata   0x00bf9b    program   0x000000
        .romdata_sincos.o    romdata   0x00bf9b    program   0x000000
       .romdata_adcread.o    romdata   0x00bf9b    program   0x000000
           .romdata_cos.o    romdata   0x00bf9b    program   0x000000
.romdata_user_routines_fast.o    romdata   0x00bf9b    program   0x000000
    .romdata_interrupts.o    romdata   0x00bf9b    program   0x000000
.idata_user_routines_fast.o_i    romdata   0x00bf9b    program   0x000001
.romdata_catlin_routines.o    romdata   0x00bf9b    program   0x000000
    .romdata_catlin_arm.o    romdata   0x00bf9b    program   0x000000
 .romdata_user_routines.o    romdata   0x00bf9b    program   0x000000
.romdata_catlin_mecanum.o    romdata   0x00bf9b    program   0x000000
      .romdata_tracking.o    romdata   0x00bf9b    program   0x000000
 .romdata_tracking_menu.o    romdata   0x00bf9b    program   0x000000
      .romdata_terminal.o    romdata   0x00bf9b    program   0x000000
   .romdata_camera_menu.o    romdata   0x00bf9b    program   0x000000
           .romdata_pwm.o    romdata   0x00bf9b    program   0x000000
  .romdata_serial_ports.o    romdata   0x00bf9b    program   0x000000
   .romdata_catlin_gyro.o    romdata   0x00bf9b    program   0x000000
        .romdata_eeprom.o    romdata   0x00bf9b    program   0x000000
          .romdata_main.o    romdata   0x00bf9b    program   0x000000
        .romdata_camera.o    romdata   0x00bf9b    program   0x000000
.romdata_catlin_control.o    romdata   0x00bf9b    program   0x000000
       .romdata_adcconv.o    romdata   0x00bf9b    program   0x000000
   .romdata_ifi_startup.o    romdata   0x00bf9b    program   0x000000
      .romdata_adcclose.o    romdata   0x00bf9b    program   0x000000
.romdata_catlin_auto_tom.o    romdata   0x00bf9b    program   0x000000
 .romdata_ifi_utilities.o    romdata   0x00bf9b    program   0x000000
       .romdata_adcbusy.o    romdata   0x00bf9b    program   0x000000
         .code_adcclose.o       code   0x00bf9c    program   0x000006
          .code_adcconv.o       code   0x00bfa2    program   0x000004
      .idata_tracking.o_i    romdata   0x00bfa6    program   0x000006
      .idata_terminal.o_i    romdata   0x00bfac    program   0x000004
        .idata_stdout.o_i    romdata   0x00bfb0    program   0x000002
        .idata_sincos.o_i    romdata   0x00bfb2    program   0x000000
      .idata_spi1open.o_i    romdata   0x00bfb2    program   0x000000
           .idata_sin.o_i    romdata   0x00bfb2    program   0x000000
          .idata_sqrt.o_i    romdata   0x00bfb2    program   0x000000
  .idata_serial_ports.o_i    romdata   0x00bfb2    program   0x000019
 .idata_ifi_utilities.o_i    romdata   0x00bfcb    program   0x000004
           .idata_pwm.o_i    romdata   0x00bfcb    program   0x000000
          .idata_putc.o_i    romdata   0x00bfcb    program   0x000000
          .idata_main.o_i    romdata   0x00bfcb    program   0x000000
        .idata_printf.o_i    romdata   0x00bfcb    program   0x000000
         .idata_ldexp.o_i    romdata   0x00bfcb    program   0x000000
    .idata_interrupts.o_i    romdata   0x00bfcb    program   0x000000
   .idata_ifi_startup.o_i    romdata   0x00bfcf    program   0x000000
      .idata_fxd3232u.o_i    romdata   0x00bfcf    program   0x000000
       .idata_fxm3232.o_i    romdata   0x00bfcf    program   0x000000
          .idata_fabs.o_i    romdata   0x00bfcf    program   0x000000
      .idata_fxd1616u.o_i    romdata   0x00bfcf    program   0x000000
         .idata_errno.o_i    romdata   0x00bfcf    program   0x000000
   .idata_ifi_library.o_i    romdata   0x00bfcf    program   0x000000
        .idata_eeprom.o_i    romdata   0x00bfcf    program   0x000005
.idata_catlin_routines.o_i    romdata   0x00bfd4    program   0x000003
           .idata_cos.o_i    romdata   0x00bfd4    program   0x000000
.idata_catlin_mecanum.o_i    romdata   0x00bfd7    program   0x000000
   .idata_catlin_gyro.o_i    romdata   0x00bfd7    program   0x000000
.idata_catlin_control.o_i    romdata   0x00bfd7    program   0x000007
.idata_catlin_auto_tom.o_i    romdata   0x00bfde    program   0x000018
    .idata_catlin_arm.o_i    romdata   0x00bff6    program   0x000000
   .idata_camera_menu.o_i    romdata   0x00bff6    program   0x000002
        .idata_camera.o_i    romdata   0x00bff8    program   0x00000a
       .idata_adcread.o_i    romdata   0x00c002    program   0x000000
      .idata_UnpkMath.o_i    romdata   0x00c002    program   0x000000
       .idata_adcopen.o_i    romdata   0x00c002    program   0x000000
       .idata_adcbusy.o_i    romdata   0x00c002    program   0x000000
      .idata_adcclose.o_i    romdata   0x00c002    program   0x000000
      .code_ifi_startup.o       code   0x00c002    program   0x000000
       .idata_adcconv.o_i    romdata   0x00c002    program   0x000000
           .code_stdout.o       code   0x00c002    program   0x000000
            .code_errno.o       code   0x00c002    program   0x000000
      .idata_PackMath.o_i    romdata   0x00c002    program   0x000000
                 .tmpdata      udata   0x000000       data   0x000030
                  SPI_VAR      udata   0x000030       data   0x000017
                MATH_DATA      udata   0x000047       data   0x000014
                DELAYDAT1      udata   0x00005b       data   0x000001
                 COPY_VAR      udata   0x000080       data   0x000080
    .udata_serial_ports.o      udata   0x000100       data   0x000080
          .udata_camera.o      udata   0x000180       data   0x000047
      .udata_interrupts.o      udata   0x0001c7       data   0x00002a
 .udata_catlin_auto_tom.o      udata   0x0001f1       data   0x00000f
            .udata_main.o      udata   0x000200       data   0x000041
   .udata_tracking_menu.o      udata   0x000241       data   0x000020
     .udata_camera_menu.o      udata   0x000261       data   0x000020
    .idata_serial_ports.o      idata   0x000281       data   0x000019
  .udata_catlin_mecanum.o      udata   0x00029a       data   0x000018
 .idata_catlin_auto_tom.o      idata   0x0002b2       data   0x000018
        .udata_tracking.o      udata   0x0002ca       data   0x000017
     .udata_ifi_library.o      udata   0x0002e1       data   0x00000d
     .udata_ifi_startup.o      udata   0x0002ee       data   0x00000a
  .idata_catlin_control.o      idata   0x0002f8       data   0x000007
.idata_user_routines_fast.o      idata   0x0002ff       data   0x000001
          .idata_camera.o      idata   0x000300       data   0x00000a
  .udata_catlin_control.o      udata   0x00030a       data   0x000006
        .idata_tracking.o      idata   0x000310       data   0x000006
      .udata_catlin_arm.o      udata   0x000316       data   0x000005
          .idata_eeprom.o      idata   0x00031b       data   0x000005
   .udata_ifi_utilities.o      udata   0x000320       data   0x000004
     .udata_catlin_gyro.o      udata   0x000324       data   0x000004
        .idata_terminal.o      idata   0x000328       data   0x000004
   .idata_ifi_utilities.o      idata   0x00032c       data   0x000004
 .idata_catlin_routines.o      idata   0x000330       data   0x000003
   .udata_user_routines.o      udata   0x000333       data   0x000002
           .udata_errno.o      udata   0x000335       data   0x000002
   .idata_tracking_menu.o      idata   0x000337       data   0x000002
          .idata_stdout.o      idata   0x000339       data   0x000002
     .idata_camera_menu.o      idata   0x00033b       data   0x000002
            .udata_fabs.o      udata   0x00033d       data   0x000000
           .idata_errno.o      idata   0x00033d       data   0x000000
            .idata_fabs.o      idata   0x00033d       data   0x000000
             .udata_cos.o      udata   0x00033d       data   0x000000
        .idata_UnpkMath.o      idata   0x00033d       data   0x000000
        .udata_UnpkMath.o      udata   0x00033d       data   0x000000
          .idata_sincos.o      idata   0x00033d       data   0x000000
          .udata_sincos.o      udata   0x00033d       data   0x000000
          .udata_printf.o      udata   0x00033d       data   0x000000
          .idata_printf.o      idata   0x00033d       data   0x000000
             .udata_sin.o      udata   0x00033d       data   0x000000
             .idata_cos.o      idata   0x00033d       data   0x000000
             .idata_sin.o      idata   0x00033d       data   0x000000
            .udata_sqrt.o      udata   0x00033d       data   0x000000
            .idata_sqrt.o      idata   0x00033d       data   0x000000
        .udata_PackMath.o      udata   0x00033d       data   0x000000
        .idata_PackMath.o      idata   0x00033d       data   0x000000
           .udata_ldexp.o      udata   0x00033d       data   0x000000
           .idata_ldexp.o      idata   0x00033d       data   0x000000
          .udata_stdout.o      udata   0x00033d       data   0x000000
        .udata_vfprintf.o      udata   0x00033d       data   0x000000
        .idata_vfprintf.o      idata   0x00033d       data   0x000000
        .udata_fxd3232u.o      udata   0x00033d       data   0x000000
        .idata_fxd3232u.o      idata   0x00033d       data   0x000000
         .udata_fxm3232.o      udata   0x00033d       data   0x000000
         .idata_fxm3232.o      idata   0x00033d       data   0x000000
            .udata_putc.o      udata   0x00033d       data   0x000000
            .idata_putc.o      idata   0x00033d       data   0x000000
     .idata_ifi_startup.o      idata   0x00033d       data   0x000000
            .idata_main.o      idata   0x00033d       data   0x000000
        .udata_terminal.o      udata   0x00033d       data   0x000000
   .idata_user_routines.o      idata   0x00033d       data   0x000000
.udata_user_routines_fast.o      udata   0x00033d       data   0x000000
      .idata_interrupts.o      idata   0x00033d       data   0x000000
 .udata_catlin_routines.o      udata   0x00033d       data   0x000000
      .idata_catlin_arm.o      idata   0x00033d       data   0x000000
  .idata_catlin_mecanum.o      idata   0x00033d       data   0x000000
             .udata_pwm.o      udata   0x00033d       data   0x000000
             .idata_pwm.o      idata   0x00033d       data   0x000000
     .idata_catlin_gyro.o      idata   0x00033d       data   0x000000
         .udata_adcbusy.o      udata   0x00033d       data   0x000000
         .idata_adcbusy.o      idata   0x00033d       data   0x000000
         .idata_adcread.o      idata   0x00033d       data   0x000000
         .udata_adcread.o      udata   0x00033d       data   0x000000
        .idata_spi1open.o      idata   0x00033d       data   0x000000
        .udata_spi1open.o      udata   0x00033d       data   0x000000
         .idata_adcopen.o      idata   0x00033d       data   0x000000
         .udata_adcopen.o      udata   0x00033d       data   0x000000
          .idata_u1open.o      idata   0x00033d       data   0x000000
          .udata_u1open.o      udata   0x00033d       data   0x000000
     .idata_ifi_library.o      idata   0x00033d       data   0x000000
        .idata_fxd1616u.o      idata   0x00033d       data   0x000000
        .udata_fxd1616u.o      udata   0x00033d       data   0x000000
         .idata_adcconv.o      idata   0x00033d       data   0x000000
         .udata_adcconv.o      udata   0x00033d       data   0x000000
        .idata_adcclose.o      idata   0x00033d       data   0x000000
        .udata_adcclose.o      udata   0x00033d       data   0x000000
                   .stack      udata   0x000e00       data   0x000100
          .udata_eeprom.o      udata   0x000f00       data   0x000060
            SFR_UNBANKED0      udata   0x000f62       data   0x00009e



                              Program Memory Usage 
                               Start         End      
                           ---------   ---------      
                            0x000800    0x00c001      
            47106 out of 132120 program addresses used, program memory utilization is 35%



                              Symbols - Sorted by Name
                     Name    Address   Location    Storage File                     
                ---------  ---------  ---------  --------- ---------                
                  Adj_lp4   0x009d50    program     static C:\FrcCode_2006_8722\Util_lib.asm
                  Adjust4   0x009d4c    program     static C:\FrcCode_2006_8722\Util_lib.asm
                  BusyADC   0x00080e    program     extern C:\mcc18\src\TRADIT~1\pmc\ADC\adcbusy.c
           Camera_Handler   0x006520    program     extern C:\rs\07StandardFinal\camera.c
              Camera_Idle   0x006bb8    program     extern C:\rs\07StandardFinal\camera.c
              Camera_Menu   0x005112    program     extern C:\rs\07StandardFinal\camera_menu.c
Camera_Serial_Port_Byte_Count   0x006cc2    program     extern C:\rs\07StandardFinal\camera.c
     Camera_State_Machine   0x006592    program     extern C:\rs\07StandardFinal\camera.c
       Catlin_Arm_Control   0x009d8a    program     extern C:\rs\07StandardFinal\catlin_control.c
        Catlin_Autonomous   0x00a508    program     extern C:\rs\07StandardFinal\catlin_routines.c
      Catlin_Claw_Control   0x009d62    program     extern C:\rs\07StandardFinal\catlin_control.c
      Catlin_Common_First   0x00a46a    program     extern C:\rs\07StandardFinal\catlin_routines.c
     Catlin_Forward_Drive   0x0024f2    program     extern C:\rs\07StandardFinal\catlin_mecanum.c
         Catlin_Gyro_Bias   0x008d26    program     extern C:\rs\07StandardFinal\catlin_gyro.c
        Catlin_Initialize   0x00a45e    program     extern C:\rs\07StandardFinal\catlin_routines.c
      Catlin_Main_Routine   0x00a50e    program     extern C:\rs\07StandardFinal\catlin_routines.c
Catlin_OI_Analog_To_Digital   0x009f4c    program     extern C:\rs\07StandardFinal\catlin_control.c
  Catlin_Operator_Control   0x009d5a    program     extern C:\rs\07StandardFinal\catlin_control.c
      Catlin_Rotate_Drive   0x00244e    program     extern C:\rs\07StandardFinal\catlin_mecanum.c
        Catlin_Side_Drive   0x002580    program     extern C:\rs\07StandardFinal\catlin_mecanum.c
           Catlin_Weights   0x00173e    program     extern C:\rs\07StandardFinal\catlin_mecanum.c
       Check_4_Violations   0x007800    program     extern C:\FrcCode_2006_8722\ifi_library.c
               Clear_Bank   0x0099de    program     static C:\FrcCode_2006_8722\Util_lib.asm
               Clear_Loop   0x0099ca    program     static C:\FrcCode_2006_8722\Util_lib.asm
             Clear_Memory   0x0099c4    program     extern C:\FrcCode_2006_8722\Util_lib.asm
       Clear_SPIdata_flag   0x007772    program     extern C:\FrcCode_2006_8722\ifi_library.c
                 CloseADC   0x00bf9c    program     extern C:\mcc18\src\TRADIT~1\pmc\ADC\adcclose.c
               ConvertADC   0x00bfa2    program     extern C:\mcc18\src\TRADIT~1\pmc\ADC\adcconv.c
                    D10_1   0x00bf84    program     static C:\MCC18\SRC\TRADIT~1\DELAYS\d10tcyx.asm
                     D10x   0x00bf7c    program     static C:\MCC18\SRC\TRADIT~1\DELAYS\d10tcyx.asm
                   D1616S   0x007ef6    program     static C:\MCC18\SRC\TRADIT~1\MATH\fxd1616s.asm
                D1616SNEG   0x007f04    program     static C:\MCC18\SRC\TRADIT~1\MATH\fxd1616s.asm
                 D1616SOK   0x007f00    program     static C:\MCC18\SRC\TRADIT~1\MATH\fxd1616s.asm
                  D1616SX   0x007f16    program     static C:\MCC18\SRC\TRADIT~1\MATH\fxd1616s.asm
                    D1K_1   0x00bf44    program     static C:\MCC18\SRC\TRADIT~1\DELAYS\d1ktcyx.asm
                     D1Kx   0x00bf42    program     static C:\MCC18\SRC\TRADIT~1\DELAYS\d1ktcyx.asm
                  DA1616S   0x007ee6    program     static C:\MCC18\SRC\TRADIT~1\MATH\fxd1616s.asm
                      DL1   0x009d0c    program     static C:\FrcCode_2006_8722\Util_lib.asm
                      DL2   0x009d22    program     static C:\FrcCode_2006_8722\Util_lib.asm
          Dead_Space_Loop   0x009d08    program     static C:\FrcCode_2006_8722\Util_lib.asm
          Default_Routine   0x0084c2    program     extern C:\rs\07StandardFinal\user_routines.c
              Delay10TCYx   0x00bf74    program     extern C:\MCC18\SRC\TRADIT~1\DELAYS\d10tcyx.asm
              Delay1KTCYx   0x00bf38    program     extern C:\MCC18\SRC\TRADIT~1\DELAYS\d1ktcyx.asm
              DisplayBufr   0x00af64    program     extern C:\rs\07StandardFinal\ifi_utilities.c
  EEPROM_Queue_Free_Space   0x00b5e2    program     extern C:\rs\07StandardFinal\eeprom.c
              EEPROM_Read   0x00b44a    program     extern C:\rs\07StandardFinal\eeprom.c
             EEPROM_Write   0x00b47e    program     extern C:\rs\07StandardFinal\eeprom.c
     EEPROM_Write_Handler   0x00b4ea    program     extern C:\rs\07StandardFinal\eeprom.c
                 FLO0832S   0x007bde    program     extern C:\MCC18\SRC\TRADIT~1\MATH\cast08FP.asm
                 FLO0832U   0x007bda    program     extern C:\MCC18\SRC\TRADIT~1\MATH\cast08FP.asm
                 FLO1632S   0x007c00    program     extern C:\MCC18\SRC\TRADIT~1\MATH\cast16FP.asm
                 FLO1632U   0x007bfc    program     extern C:\MCC18\SRC\TRADIT~1\MATH\cast16FP.asm
                 FLO3232S   0x008240    program     extern C:\MCC18\SRC\TRADIT~1\MATH\cast32FP.asm
                 FLO3232U   0x00823c    program     extern C:\MCC18\SRC\TRADIT~1\MATH\cast32FP.asm
                    FPA32   0x007c28    program     extern C:\MCC18\SRC\TRADIT~1\MATH\addFP.asm
                    FPD32   0x007d54    program     extern C:\MCC18\SRC\TRADIT~1\MATH\divFP.asm
                    FPM32   0x007dfa    program     extern C:\MCC18\SRC\TRADIT~1\MATH\mulFP.asm
                    FPS32   0x007c26    program     extern C:\MCC18\SRC\TRADIT~1\MATH\addFP.asm
                 FXD1616S   0x007ed4    program     extern C:\MCC18\SRC\TRADIT~1\MATH\fxd1616s.asm
                 FXD1616U   0x00bea0    program     extern C:\mcc18\src\TRADIT~1\math\fxd1616u.c
                 FXD3232U   0x00be1a    program     extern C:\mcc18\src\TRADIT~1\math\fxd3232u.c
                 FXM1616S   0x007f20    program     extern C:\MCC18\SRC\TRADIT~1\MATH\fxm1616s.asm
                 FXM1616U   0x007f7a    program     extern C:\MCC18\SRC\TRADIT~1\MATH\fxm1616u.asm
                  FXM3232   0x00bb0e    program     extern C:\mcc18\src\TRADIT~1\math\fxm3232.c
            Generate_Pwms   0x009c62    program     extern C:\FrcCode_2006_8722\Util_lib.asm
       Generate_Pwms_Cont   0x009ca6    program     static C:\FrcCode_2006_8722\Util_lib.asm
        GetDataFromMaster   0x009b3a    program     extern C:\FrcCode_2006_8722\Util_lib.asm
         Get_Analog_Value   0x00b044    program     extern C:\rs\07StandardFinal\ifi_utilities.c
 Get_Camera_Configuration   0x006a08    program     extern C:\rs\07StandardFinal\camera.c
         Get_Camera_State   0x006bc8    program     extern C:\rs\07StandardFinal\camera.c
Get_Tracking_Configuration   0x007302    program     extern C:\rs\07StandardFinal\tracking.c
       Get_Tracking_State   0x007454    program     extern C:\rs\07StandardFinal\tracking.c
                  Getdata   0x0076c6    program     extern C:\FrcCode_2006_8722\ifi_library.c
           Handle_Spi_Int   0x00766e    program     extern C:\FrcCode_2006_8722\ifi_library.c
               Hex_output   0x0099e8    program     extern C:\FrcCode_2006_8722\Util_lib.asm
       IFI_Initialization   0x007574    program     extern C:\FrcCode_2006_8722\ifi_library.c
                  INT3208   0x007fb6    program     extern C:\MCC18\SRC\TRADIT~1\MATH\castFP08.asm
                  INT3216   0x008004    program     extern C:\MCC18\SRC\TRADIT~1\MATH\castFP16.asm
                  INT3232   0x008272    program     extern C:\MCC18\SRC\TRADIT~1\MATH\castFP32.asm
     Init_Serial_Port_One   0x00a73e    program     extern C:\rs\07StandardFinal\serial_ports.c
     Init_Serial_Port_Two   0x00a770    program     extern C:\rs\07StandardFinal\serial_ports.c
        Initialize_Camera   0x006714    program     extern C:\rs\07StandardFinal\camera.c
    Initialize_Interrupts   0x00a0f0    program     extern C:\rs\07StandardFinal\interrupts.c
           Initialize_PWM   0x00b29e    program     extern C:\rs\07StandardFinal\pwm.c
     Initialize_Registers   0x0074fc    program     extern C:\FrcCode_2006_8722\ifi_library.c
  Initialize_Serial_Comms   0x00b012    program     extern C:\rs\07StandardFinal\ifi_utilities.c
       Initialize_Timer_0   0x00a16c    program     extern C:\rs\07StandardFinal\interrupts.c
       Initialize_Timer_1   0x00a186    program     extern C:\rs\07StandardFinal\interrupts.c
       Initialize_Timer_2   0x00a1a2    program     extern C:\rs\07StandardFinal\interrupts.c
       Initialize_Timer_3   0x00a1bc    program     extern C:\rs\07StandardFinal\interrupts.c
       Initialize_Timer_4   0x00a1d4    program     extern C:\rs\07StandardFinal\interrupts.c
      Initialize_Tracking   0x0072c2    program     extern C:\rs\07StandardFinal\tracking.c
            Int_1_Handler   0x00a3f6    program     extern C:\rs\07StandardFinal\interrupts.c
            Int_2_Handler   0x00a41c    program     extern C:\rs\07StandardFinal\interrupts.c
            Int_3_Handler   0x00a41e    program     extern C:\rs\07StandardFinal\interrupts.c
            Int_4_Handler   0x00a42e    program     extern C:\rs\07StandardFinal\interrupts.c
            Int_5_Handler   0x00a43e    program     extern C:\rs\07StandardFinal\interrupts.c
            Int_6_Handler   0x00a44e    program     extern C:\rs\07StandardFinal\interrupts.c
     InterruptHandlerHigh   0x0074b8    program     extern C:\FrcCode_2006_8722\ifi_library.c
      InterruptHandlerLow   0x00aa12    program     extern C:\rs\07StandardFinal\user_routines_fast.c
      InterruptVectorHigh   0x000808    program     extern C:\FrcCode_2006_8722\ifi_library.c
       InterruptVectorLow   0x000818    program     extern C:\rs\07StandardFinal\user_routines_fast.c
                      LP4   0x009caa    program     static C:\FrcCode_2006_8722\Util_lib.asm
                LP4_Cont1   0x009cb4    program     static C:\FrcCode_2006_8722\Util_lib.asm
                LP4_Cont2   0x009cbe    program     static C:\FrcCode_2006_8722\Util_lib.asm
                LP4_Cont3   0x009cc8    program     static C:\FrcCode_2006_8722\Util_lib.asm
                LP4_Cont4   0x009cd4    program     static C:\FrcCode_2006_8722\Util_lib.asm
                LP4_Cont5   0x009cde    program     static C:\FrcCode_2006_8722\Util_lib.asm
                LP4_Cont6   0x009ce8    program     static C:\FrcCode_2006_8722\Util_lib.asm
                LP4_Cont7   0x009cf2    program     static C:\FrcCode_2006_8722\Util_lib.asm
                LP4_Cont8   0x009cfc    program     static C:\FrcCode_2006_8722\Util_lib.asm
                Limit_Mix   0x008354    program     extern C:\rs\07StandardFinal\user_routines.c
         Limit_Switch_Max   0x0082e0    program     extern C:\rs\07StandardFinal\user_routines.c
         Limit_Switch_Min   0x008318    program     extern C:\rs\07StandardFinal\user_routines.c
               Menu_Print   0x00567e    program     extern C:\rs\07StandardFinal\camera_menu.c
           MoveData4Buff0   0x009ab0    program     static C:\FrcCode_2006_8722\Util_lib.asm
        MoveDataFromBuff1   0x009bd8    program     static C:\FrcCode_2006_8722\Util_lib.asm
             Noise_Filter   0x006c04    program     extern C:\rs\07StandardFinal\camera.c
               Open1USART   0x00bd18    program     extern C:\mcc18\src\TRADIT~1\pmc\USART\u1open.c
                  OpenADC   0x00bb7e    program     extern C:\mcc18\src\TRADIT~1\pmc\ADC\adcopen.c
                 OpenSPI1   0x00bc4c    program     extern C:\mcc18\src\TRADIT~1\pmc\SPI\spi1open.c
                      PWM   0x00b2b6    program     extern C:\rs\07StandardFinal\pwm.c
           PWM_Menu_Print   0x0041b2    program     extern C:\rs\07StandardFinal\tracking_menu.c
          PacketNum_Check   0x00afa6    program     extern C:\rs\07StandardFinal\ifi_utilities.c
    Prep_SPI_4_First_Byte   0x007610    program     extern C:\FrcCode_2006_8722\ifi_library.c
                PrintByte   0x00aef6    program     extern C:\rs\07StandardFinal\ifi_utilities.c
                PrintWord   0x00af18    program     extern C:\rs\07StandardFinal\ifi_utilities.c
Process_Data_From_Local_IO   0x00ac9a    program     extern C:\rs\07StandardFinal\user_routines_fast.c
Process_Data_From_Master_uP   0x00849c    program     extern C:\rs\07StandardFinal\user_routines.c
                  Putdata   0x0076f8    program     extern C:\FrcCode_2006_8722\ifi_library.c
                Pwm_Delay   0x009d38    program     static C:\FrcCode_2006_8722\Util_lib.asm
                 Raw_Mode   0x006bd0    program     extern C:\rs\07StandardFinal\camera.c
                  ReadADC   0x00be62    program     extern C:\mcc18\src\TRADIT~1\pmc\ADC\adcread.c
  Read_Camera_Serial_Port   0x006cca    program     extern C:\rs\07StandardFinal\camera.c
     Read_Serial_Port_One   0x00a7e2    program     extern C:\rs\07StandardFinal\serial_ports.c
     Read_Serial_Port_Two   0x00a82e    program     extern C:\rs\07StandardFinal\serial_ports.c
Read_Terminal_Serial_Port   0x006cf6    program     extern C:\rs\07StandardFinal\camera.c
           Restart_Camera   0x006bc2    program     extern C:\rs\07StandardFinal\camera.c
         Rx_1_Int_Handler   0x00a8fe    program     extern C:\rs\07StandardFinal\serial_ports.c
         Rx_2_Int_Handler   0x00a93c    program     extern C:\rs\07StandardFinal\serial_ports.c
Save_Camera_Configuration   0x005b30    program     extern C:\rs\07StandardFinal\camera_menu.c
Save_Tracking_Configuration   0x004414    program     extern C:\rs\07StandardFinal\tracking_menu.c
         SendDataToMaster   0x009a16    program     extern C:\FrcCode_2006_8722\Util_lib.asm
     Serial_Char_Callback   0x00ac9c    program     extern C:\rs\07StandardFinal\user_routines_fast.c
Serial_Port_One_Byte_Count   0x00a7a2    program     extern C:\rs\07StandardFinal\serial_ports.c
Serial_Port_Two_Byte_Count   0x00a7c2    program     extern C:\rs\07StandardFinal\serial_ports.c
              Servo_Track   0x006d1a    program     extern C:\rs\07StandardFinal\tracking.c
Set_Number_of_Analog_Channels   0x00b02e    program     extern C:\rs\07StandardFinal\ifi_utilities.c
   Set_Pan_Servo_Position   0x00748c    program     extern C:\rs\07StandardFinal\tracking.c
  Set_Tilt_Servo_Position   0x0074a2    program     extern C:\rs\07StandardFinal\tracking.c
    Setup_PWM_Output_Type   0x00777c    program     extern C:\FrcCode_2006_8722\ifi_library.c
          Setup_Spi_Slave   0x0074e6    program     extern C:\FrcCode_2006_8722\ifi_library.c
                  TAGTB32   0x008062    program     extern C:\MCC18\SRC\TRADIT~1\MATH\gtFP.asm
                  TALTB32   0x008074    program     extern C:\MCC18\SRC\TRADIT~1\MATH\ltFP.asm
               TSIGN1616A   0x007f6c    program     static C:\MCC18\SRC\TRADIT~1\MATH\fxm1616s.asm
Terminal_Serial_Port_Byte_Count   0x006cee    program     extern C:\rs\07StandardFinal\camera.c
             TerminateGet   0x009c58    program     static C:\FrcCode_2006_8722\Util_lib.asm
            TerminateSend   0x009b30    program     static C:\FrcCode_2006_8722\Util_lib.asm
      Timer_0_Int_Handler   0x00a1ee    program     extern C:\rs\07StandardFinal\interrupts.c
      Timer_1_Int_Handler   0x00a1f0    program     extern C:\rs\07StandardFinal\interrupts.c
      Timer_2_Int_Handler   0x00a3f0    program     extern C:\rs\07StandardFinal\interrupts.c
      Timer_3_Int_Handler   0x00a3f2    program     extern C:\rs\07StandardFinal\interrupts.c
      Timer_4_Int_Handler   0x00a3f4    program     extern C:\rs\07StandardFinal\interrupts.c
              Track_Color   0x006b54    program     extern C:\rs\07StandardFinal\camera.c
   Tracking_Info_Terminal   0x00b0ca    program     extern C:\rs\07StandardFinal\terminal.c
            Tracking_Menu   0x0036b2    program     extern C:\rs\07StandardFinal\tracking_menu.c
      Tracking_Menu_Print   0x003da8    program     extern C:\rs\07StandardFinal\tracking_menu.c
         Tx_1_Int_Handler   0x00a97a    program     extern C:\rs\07StandardFinal\serial_ports.c
         Tx_2_Int_Handler   0x00a9aa    program     extern C:\rs\07StandardFinal\serial_ports.c
  UpdateLocalPWMDirection   0x009a14    program     extern C:\FrcCode_2006_8722\Util_lib.asm
     User_Autonomous_Code   0x00abea    program     extern C:\rs\07StandardFinal\user_routines_fast.c
      User_Initialization   0x0083d2    program     extern C:\rs\07StandardFinal\user_routines.c
       User_Proc_Is_Ready   0x007606    program     extern C:\FrcCode_2006_8722\ifi_library.c
           Virtual_Window   0x006c36    program     extern C:\rs\07StandardFinal\camera.c
             Wait4TXEmpty   0x00aeec    program     extern C:\rs\07StandardFinal\ifi_utilities.c
Write_Camera_Module_Register   0x006c86    program     extern C:\rs\07StandardFinal\camera.c
 Write_Camera_Serial_Port   0x006cd2    program     extern C:\rs\07StandardFinal\camera.c
    Write_Serial_Port_One   0x00a87a    program     extern C:\rs\07StandardFinal\serial_ports.c
    Write_Serial_Port_Two   0x00a8bc    program     extern C:\rs\07StandardFinal\serial_ports.c
Write_Terminal_Serial_Port   0x006cfe    program     extern C:\rs\07StandardFinal\camera.c
                   _2jEnd   0x00bc36    program     static C:\MCC18\SRC\TRADIT~1\STDCLIB\slenpgm.asm
        _D10TCYXCODE_000A   0x00bf7e    program     static C:\MCC18\SRC\TRADIT~1\DELAYS\d10tcyx.asm
        _D10TCYXCODE_000C   0x00bf80    program     static C:\MCC18\SRC\TRADIT~1\DELAYS\d10tcyx.asm
        _D10TCYXCODE_000E   0x00bf82    program     static C:\MCC18\SRC\TRADIT~1\DELAYS\d10tcyx.asm
        _D1KTCYXCODE_0010   0x00bf48    program     static C:\MCC18\SRC\TRADIT~1\DELAYS\d1ktcyx.asm
        _D1KTCYXCODE_0016   0x00bf4e    program     static C:\MCC18\SRC\TRADIT~1\DELAYS\d1ktcyx.asm
                _PackMath   0x00b83e    program     extern C:\mcc18\src\TRADIT~1\stdclib\PackMath.c
                _UnpkMath   0x00b722    program     extern C:\mcc18\src\TRADIT~1\stdclib\UnpkMath.c
              __FpCompare   0x008086    program     extern C:\MCC18\SRC\TRADIT~1\MATH\compFP.asm
                 __FpExit   0x00813c    program     extern C:\MCC18\SRC\TRADIT~1\MATH\packFP.asm
                 __FpPack   0x008168    program     extern C:\MCC18\SRC\TRADIT~1\MATH\packFP.asm
            __FpReturnNaN   0x008130    program     extern C:\MCC18\SRC\TRADIT~1\MATH\packFP.asm
         __FpReturnNegInf   0x008142    program     extern C:\MCC18\SRC\TRADIT~1\MATH\packFP.asm
        __FpReturnNegZero   0x00815a    program     extern C:\MCC18\SRC\TRADIT~1\MATH\packFP.asm
         __FpReturnPosInf   0x008148    program     extern C:\MCC18\SRC\TRADIT~1\MATH\packFP.asm
        __FpReturnPosZero   0x008162    program     extern C:\MCC18\SRC\TRADIT~1\MATH\packFP.asm
        __FpReturnSignInf   0x00813e    program     extern C:\MCC18\SRC\TRADIT~1\MATH\packFP.asm
       __FpReturnSignZero   0x008156    program     extern C:\MCC18\SRC\TRADIT~1\MATH\packFP.asm
              __FpReturnW   0x0081c0    program     extern C:\MCC18\SRC\TRADIT~1\MATH\packFP.asm
              __FpUnPackA   0x0081e0    program     extern C:\MCC18\SRC\TRADIT~1\MATH\UnpackFP.asm
              __FpUnPackB   0x008210    program     extern C:\MCC18\SRC\TRADIT~1\MATH\UnpackFP.asm
       ___return_lbl00000   0x00beca    program     static                          
       ___return_lbl00000   0x00081c    program     static                          
       ___return_lbl00000   0x000804    program     static                          
       ___return_lbl00000   0x00bb7c    program     static                          
       ___return_lbl00000   0x00be60    program     static                          
       ___return_lbl00000   0x00080c    program     static                          
       ___return_lbl00001   0x00bf36    program     static                          
       ___return_lbl00002   0x00b9f4    program     static                          
                   __pa_0   0x004e30    program     static C:\mcc18\src\TRADIT~1\stdclib\vfprintf.c
                   __pa_0   0x0093c6    program     static C:\mcc18\src\TRADIT~1\stdclib\sincos.c
                   __pa_0   0x009920    program     static C:\mcc18\src\TRADIT~1\stdclib\sqrt.c
                   __pa_0   0x00b830    program     static C:\mcc18\src\TRADIT~1\stdclib\UnpkMath.c
                   __pa_0   0x00b906    program     static C:\mcc18\src\TRADIT~1\stdclib\PackMath.c
                   __pa_0   0x00b718    program     static C:\mcc18\src\TRADIT~1\stdclib\ldexp.c
                   __pa_1   0x0093de    program     static C:\mcc18\src\TRADIT~1\stdclib\sincos.c
                   __pa_1   0x00b916    program     static C:\mcc18\src\TRADIT~1\stdclib\PackMath.c
                   __pa_1   0x00992a    program     static C:\mcc18\src\TRADIT~1\stdclib\sqrt.c
                   __pa_1   0x004e38    program     static C:\mcc18\src\TRADIT~1\stdclib\vfprintf.c
                  __pa_10   0x004eec    program     static C:\mcc18\src\TRADIT~1\stdclib\vfprintf.c
                  __pa_10   0x00949a    program     static C:\mcc18\src\TRADIT~1\stdclib\sincos.c
                  __pa_11   0x004efa    program     static C:\mcc18\src\TRADIT~1\stdclib\vfprintf.c
                  __pa_11   0x0094ac    program     static C:\mcc18\src\TRADIT~1\stdclib\sincos.c
                  __pa_12   0x0094ba    program     static C:\mcc18\src\TRADIT~1\stdclib\sincos.c
                  __pa_12   0x004f10    program     static C:\mcc18\src\TRADIT~1\stdclib\vfprintf.c
                  __pa_13   0x004f2a    program     static C:\mcc18\src\TRADIT~1\stdclib\vfprintf.c
                  __pa_13   0x0094c0    program     static C:\mcc18\src\TRADIT~1\stdclib\sincos.c
                  __pa_14   0x004f42    program     static C:\mcc18\src\TRADIT~1\stdclib\vfprintf.c
                  __pa_14   0x0094da    program     static C:\mcc18\src\TRADIT~1\stdclib\sincos.c
                  __pa_15   0x004f52    program     static C:\mcc18\src\TRADIT~1\stdclib\vfprintf.c
                  __pa_15   0x0094ec    program     static C:\mcc18\src\TRADIT~1\stdclib\sincos.c
                  __pa_16   0x009510    program     static C:\mcc18\src\TRADIT~1\stdclib\sincos.c
                  __pa_16   0x004f68    program     static C:\mcc18\src\TRADIT~1\stdclib\vfprintf.c
                  __pa_17   0x009522    program     static C:\mcc18\src\TRADIT~1\stdclib\sincos.c
                  __pa_17   0x004f7a    program     static C:\mcc18\src\TRADIT~1\stdclib\vfprintf.c
                  __pa_18   0x009530    program     static C:\mcc18\src\TRADIT~1\stdclib\sincos.c
                  __pa_18   0x004f8c    program     static C:\mcc18\src\TRADIT~1\stdclib\vfprintf.c
                  __pa_19   0x009542    program     static C:\mcc18\src\TRADIT~1\stdclib\sincos.c
                  __pa_19   0x004f96    program     static C:\mcc18\src\TRADIT~1\stdclib\vfprintf.c
                   __pa_2   0x0093fa    program     static C:\mcc18\src\TRADIT~1\stdclib\sincos.c
                   __pa_2   0x00b924    program     static C:\mcc18\src\TRADIT~1\stdclib\PackMath.c
                   __pa_2   0x009944    program     static C:\mcc18\src\TRADIT~1\stdclib\sqrt.c
                   __pa_2   0x004e42    program     static C:\mcc18\src\TRADIT~1\stdclib\vfprintf.c
                  __pa_20   0x004fa6    program     static C:\mcc18\src\TRADIT~1\stdclib\vfprintf.c
                  __pa_20   0x009552    program     static C:\mcc18\src\TRADIT~1\stdclib\sincos.c
                  __pa_21   0x004fb6    program     static C:\mcc18\src\TRADIT~1\stdclib\vfprintf.c
                  __pa_21   0x00955e    program     static C:\mcc18\src\TRADIT~1\stdclib\sincos.c
                  __pa_22   0x004fc6    program     static C:\mcc18\src\TRADIT~1\stdclib\vfprintf.c
                  __pa_22   0x009568    program     static C:\mcc18\src\TRADIT~1\stdclib\sincos.c
                  __pa_23   0x009570    program     static C:\mcc18\src\TRADIT~1\stdclib\sincos.c
                  __pa_23   0x004fd2    program     static C:\mcc18\src\TRADIT~1\stdclib\vfprintf.c
                  __pa_24   0x004fe0    program     static C:\mcc18\src\TRADIT~1\stdclib\vfprintf.c
                  __pa_24   0x009576    program     static C:\mcc18\src\TRADIT~1\stdclib\sincos.c
                  __pa_25   0x004fe8    program     static C:\mcc18\src\TRADIT~1\stdclib\vfprintf.c
                  __pa_26   0x004ff2    program     static C:\mcc18\src\TRADIT~1\stdclib\vfprintf.c
                  __pa_27   0x004ffc    program     static C:\mcc18\src\TRADIT~1\stdclib\vfprintf.c
                  __pa_28   0x005004    program     static C:\mcc18\src\TRADIT~1\stdclib\vfprintf.c
                  __pa_29   0x005012    program     static C:\mcc18\src\TRADIT~1\stdclib\vfprintf.c
                   __pa_3   0x004e4c    program     static C:\mcc18\src\TRADIT~1\stdclib\vfprintf.c
                   __pa_3   0x009414    program     static C:\mcc18\src\TRADIT~1\stdclib\sincos.c
                   __pa_3   0x00b92e    program     static C:\mcc18\src\TRADIT~1\stdclib\PackMath.c
                   __pa_3   0x00995e    program     static C:\mcc18\src\TRADIT~1\stdclib\sqrt.c
                  __pa_30   0x00502e    program     static C:\mcc18\src\TRADIT~1\stdclib\vfprintf.c
                  __pa_31   0x005048    program     static C:\mcc18\src\TRADIT~1\stdclib\vfprintf.c
                  __pa_32   0x005062    program     static C:\mcc18\src\TRADIT~1\stdclib\vfprintf.c
                  __pa_33   0x00507a    program     static C:\mcc18\src\TRADIT~1\stdclib\vfprintf.c
                  __pa_34   0x005084    program     static C:\mcc18\src\TRADIT~1\stdclib\vfprintf.c
                  __pa_35   0x005092    program     static C:\mcc18\src\TRADIT~1\stdclib\vfprintf.c
                  __pa_36   0x00509a    program     static C:\mcc18\src\TRADIT~1\stdclib\vfprintf.c
                  __pa_37   0x0050a4    program     static C:\mcc18\src\TRADIT~1\stdclib\vfprintf.c
                  __pa_38   0x0050b4    program     static C:\mcc18\src\TRADIT~1\stdclib\vfprintf.c
                  __pa_39   0x0050c2    program     static C:\mcc18\src\TRADIT~1\stdclib\vfprintf.c
                   __pa_4   0x00b93c    program     static C:\mcc18\src\TRADIT~1\stdclib\PackMath.c
                   __pa_4   0x004e64    program     static C:\mcc18\src\TRADIT~1\stdclib\vfprintf.c
                   __pa_4   0x00941e    program     static C:\mcc18\src\TRADIT~1\stdclib\sincos.c
                   __pa_4   0x009970    program     static C:\mcc18\src\TRADIT~1\stdclib\sqrt.c
                  __pa_40   0x0050ce    program     static C:\mcc18\src\TRADIT~1\stdclib\vfprintf.c
                  __pa_41   0x0050da    program     static C:\mcc18\src\TRADIT~1\stdclib\vfprintf.c
                  __pa_42   0x0050e2    program     static C:\mcc18\src\TRADIT~1\stdclib\vfprintf.c
                  __pa_43   0x0050ec    program     static C:\mcc18\src\TRADIT~1\stdclib\vfprintf.c
                  __pa_44   0x0050f2    program     static C:\mcc18\src\TRADIT~1\stdclib\vfprintf.c
                  __pa_45   0x0050fc    program     static C:\mcc18\src\TRADIT~1\stdclib\vfprintf.c
                  __pa_46   0x005108    program     static C:\mcc18\src\TRADIT~1\stdclib\vfprintf.c
                   __pa_5   0x009434    program     static C:\mcc18\src\TRADIT~1\stdclib\sincos.c
                   __pa_5   0x004e78    program     static C:\mcc18\src\TRADIT~1\stdclib\vfprintf.c
                   __pa_5   0x009982    program     static C:\mcc18\src\TRADIT~1\stdclib\sqrt.c
                   __pa_5   0x00b944    program     static C:\mcc18\src\TRADIT~1\stdclib\PackMath.c
                   __pa_6   0x00944a    program     static C:\mcc18\src\TRADIT~1\stdclib\sincos.c
                   __pa_6   0x004e94    program     static C:\mcc18\src\TRADIT~1\stdclib\vfprintf.c
                   __pa_6   0x009994    program     static C:\mcc18\src\TRADIT~1\stdclib\sqrt.c
                   __pa_6   0x00b94c    program     static C:\mcc18\src\TRADIT~1\stdclib\PackMath.c
                   __pa_7   0x00945c    program     static C:\mcc18\src\TRADIT~1\stdclib\sincos.c
                   __pa_7   0x0099a2    program     static C:\mcc18\src\TRADIT~1\stdclib\sqrt.c
                   __pa_7   0x004e9e    program     static C:\mcc18\src\TRADIT~1\stdclib\vfprintf.c
                   __pa_8   0x009476    program     static C:\mcc18\src\TRADIT~1\stdclib\sincos.c
                   __pa_8   0x0099aa    program     static C:\mcc18\src\TRADIT~1\stdclib\sqrt.c
                   __pa_8   0x004eaa    program     static C:\mcc18\src\TRADIT~1\stdclib\vfprintf.c
                   __pa_9   0x009490    program     static C:\mcc18\src\TRADIT~1\stdclib\sincos.c
                   __pa_9   0x0099b4    program     static C:\mcc18\src\TRADIT~1\stdclib\sqrt.c
                   __pa_9   0x004ecc    program     static C:\mcc18\src\TRADIT~1\stdclib\vfprintf.c
               __string_0   0x0064e6    program     static C:\rs\07StandardFinal\camera_menu.c
               __string_0   0x005cb7    program     static C:\rs\07StandardFinal\terminal.c
               __string_0   0x00619c    program     static C:\rs\07StandardFinal\tracking_menu.c
               __string_1   0x0064c6    program     static C:\rs\07StandardFinal\camera_menu.c
               __string_1   0x00617c    program     static C:\rs\07StandardFinal\tracking_menu.c
               __string_1   0x005cb4    program     static C:\rs\07StandardFinal\terminal.c
              __string_10   0x0063ed    program     static C:\rs\07StandardFinal\camera_menu.c
              __string_10   0x0060cf    program     static C:\rs\07StandardFinal\tracking_menu.c
              __string_11   0x0063cc    program     static C:\rs\07StandardFinal\camera_menu.c
              __string_11   0x0060a9    program     static C:\rs\07StandardFinal\tracking_menu.c
              __string_12   0x0063ab    program     static C:\rs\07StandardFinal\camera_menu.c
              __string_12   0x006084    program     static C:\rs\07StandardFinal\tracking_menu.c
              __string_13   0x00638d    program     static C:\rs\07StandardFinal\camera_menu.c
              __string_13   0x00605d    program     static C:\rs\07StandardFinal\tracking_menu.c
              __string_14   0x00603a    program     static C:\rs\07StandardFinal\tracking_menu.c
              __string_14   0x006377    program     static C:\rs\07StandardFinal\camera_menu.c
              __string_15   0x00601b    program     static C:\rs\07StandardFinal\tracking_menu.c
              __string_15   0x006358    program     static C:\rs\07StandardFinal\camera_menu.c
              __string_16   0x006339    program     static C:\rs\07StandardFinal\camera_menu.c
              __string_16   0x005ff9    program     static C:\rs\07StandardFinal\tracking_menu.c
              __string_17   0x00631a    program     static C:\rs\07StandardFinal\camera_menu.c
              __string_17   0x005fda    program     static C:\rs\07StandardFinal\tracking_menu.c
              __string_18   0x0062fb    program     static C:\rs\07StandardFinal\camera_menu.c
              __string_18   0x005fbe    program     static C:\rs\07StandardFinal\tracking_menu.c
              __string_19   0x0062dc    program     static C:\rs\07StandardFinal\camera_menu.c
              __string_19   0x005f97    program     static C:\rs\07StandardFinal\tracking_menu.c
               __string_2   0x005ca2    program     static C:\rs\07StandardFinal\terminal.c
               __string_2   0x006179    program     static C:\rs\07StandardFinal\tracking_menu.c
               __string_2   0x0064b0    program     static C:\rs\07StandardFinal\camera_menu.c
              __string_20   0x0062bd    program     static C:\rs\07StandardFinal\camera_menu.c
              __string_20   0x005f71    program     static C:\rs\07StandardFinal\tracking_menu.c
              __string_21   0x005f49    program     static C:\rs\07StandardFinal\tracking_menu.c
              __string_21   0x00629d    program     static C:\rs\07StandardFinal\camera_menu.c
              __string_22   0x005f25    program     static C:\rs\07StandardFinal\tracking_menu.c
              __string_22   0x00627d    program     static C:\rs\07StandardFinal\camera_menu.c
              __string_23   0x005f06    program     static C:\rs\07StandardFinal\tracking_menu.c
              __string_23   0x00625d    program     static C:\rs\07StandardFinal\camera_menu.c
              __string_24   0x005edf    program     static C:\rs\07StandardFinal\tracking_menu.c
              __string_24   0x00623d    program     static C:\rs\07StandardFinal\camera_menu.c
              __string_25   0x005eb9    program     static C:\rs\07StandardFinal\tracking_menu.c
              __string_25   0x00621d    program     static C:\rs\07StandardFinal\camera_menu.c
              __string_26   0x005e9f    program     static C:\rs\07StandardFinal\tracking_menu.c
              __string_26   0x0061fd    program     static C:\rs\07StandardFinal\camera_menu.c
              __string_27   0x005e8c    program     static C:\rs\07StandardFinal\tracking_menu.c
              __string_27   0x0061e8    program     static C:\rs\07StandardFinal\camera_menu.c
              __string_28   0x0061ce    program     static C:\rs\07StandardFinal\camera_menu.c
              __string_28   0x005e81    program     static C:\rs\07StandardFinal\tracking_menu.c
              __string_29   0x0061bb    program     static C:\rs\07StandardFinal\camera_menu.c
              __string_29   0x005e69    program     static C:\rs\07StandardFinal\tracking_menu.c
               __string_3   0x005c90    program     static C:\rs\07StandardFinal\terminal.c
               __string_3   0x00616e    program     static C:\rs\07StandardFinal\tracking_menu.c
               __string_3   0x0064a9    program     static C:\rs\07StandardFinal\camera_menu.c
              __string_30   0x0061b0    program     static C:\rs\07StandardFinal\camera_menu.c
              __string_30   0x005e50    program     static C:\rs\07StandardFinal\tracking_menu.c
              __string_31   0x005e37    program     static C:\rs\07StandardFinal\tracking_menu.c
              __string_32   0x005e1d    program     static C:\rs\07StandardFinal\tracking_menu.c
              __string_33   0x005e01    program     static C:\rs\07StandardFinal\tracking_menu.c
              __string_34   0x005de2    program     static C:\rs\07StandardFinal\tracking_menu.c
              __string_35   0x005dc6    program     static C:\rs\07StandardFinal\tracking_menu.c
              __string_36   0x005daf    program     static C:\rs\07StandardFinal\tracking_menu.c
              __string_37   0x005d97    program     static C:\rs\07StandardFinal\tracking_menu.c
              __string_38   0x005d7e    program     static C:\rs\07StandardFinal\tracking_menu.c
              __string_39   0x005d64    program     static C:\rs\07StandardFinal\tracking_menu.c
               __string_4   0x006164    program     static C:\rs\07StandardFinal\tracking_menu.c
               __string_4   0x006490    program     static C:\rs\07StandardFinal\camera_menu.c
               __string_4   0x005c74    program     static C:\rs\07StandardFinal\terminal.c
              __string_40   0x005d47    program     static C:\rs\07StandardFinal\tracking_menu.c
              __string_41   0x005d27    program     static C:\rs\07StandardFinal\tracking_menu.c
              __string_42   0x005d0a    program     static C:\rs\07StandardFinal\tracking_menu.c
              __string_43   0x005ce9    program     static C:\rs\07StandardFinal\tracking_menu.c
              __string_44   0x005cc6    program     static C:\rs\07StandardFinal\tracking_menu.c
               __string_5   0x005c58    program     static C:\rs\07StandardFinal\terminal.c
               __string_5   0x00648d    program     static C:\rs\07StandardFinal\camera_menu.c
               __string_5   0x00614e    program     static C:\rs\07StandardFinal\tracking_menu.c
               __string_6   0x006471    program     static C:\rs\07StandardFinal\camera_menu.c
               __string_6   0x005c3c    program     static C:\rs\07StandardFinal\terminal.c
               __string_6   0x006147    program     static C:\rs\07StandardFinal\tracking_menu.c
               __string_7   0x006450    program     static C:\rs\07StandardFinal\camera_menu.c
               __string_7   0x005c20    program     static C:\rs\07StandardFinal\terminal.c
               __string_7   0x006129    program     static C:\rs\07StandardFinal\tracking_menu.c
               __string_8   0x005c0c    program     static C:\rs\07StandardFinal\terminal.c
               __string_8   0x006108    program     static C:\rs\07StandardFinal\tracking_menu.c
               __string_8   0x00642f    program     static C:\rs\07StandardFinal\camera_menu.c
               __string_9   0x0060ea    program     static C:\rs\07StandardFinal\tracking_menu.c
               __string_9   0x00640e    program     static C:\rs\07StandardFinal\camera_menu.c
              __tmplbl_33   0x0016f8    program     static                          
              __tmplbl_34   0x0016f8    program     static                          
              __tmplbl_40   0x003092    program     static                          
              __tmplbl_41   0x00307e    program     static                          
              __tmplbl_42   0x004fc6    program     static                          
              __tmplbl_42   0x003070    program     static                          
              __tmplbl_43   0x004e12    program     static                          
              __tmplbl_43   0x003068    program     static                          
              __tmplbl_44   0x004df8    program     static                          
              __tmplbl_47   0x0030a0    program     static                          
              __tmplbl_48   0x0030a0    program     static                          
              __tmplbl_86   0x004546    program     static                          
                _do_cinit   0x00b958    program     extern C:\rs\07StandardFinal\ifi_startup.c
                   _entry   0x000800    program     extern C:\rs\07StandardFinal\ifi_startup.c
                   _false   0x00be5c    program     static                          
                  _sincos   0x008fdc    program     extern C:\mcc18\src\TRADIT~1\stdclib\sincos.c
                 _startup   0x00bf18    program     extern C:\rs\07StandardFinal\ifi_startup.c
              _usart_putc   0x00bf58    program     extern C:\MCC18\SRC\TRADIT~1\PMC\USART\_usartpc.asm
               _user_putc   0x00a9da    program     extern C:\rs\07StandardFinal\serial_ports.c
                      abs   0x00231a    program     extern C:\rs\07StandardFinal\catlin_mecanum.c
                  autoArm   0x0030ac    program     extern C:\rs\07StandardFinal\catlin_auto_tom.c
                autoDrive   0x00265c    program     extern C:\rs\07StandardFinal\catlin_auto_tom.c
           autoInitialize   0x003690    program     extern C:\rs\07StandardFinal\catlin_auto_tom.c
              checkBottom   0x00acc8    program     extern C:\rs\07StandardFinal\catlin_arm.c
                copy_loop   0x00b9ca    program     static                          
            copy_one_byte   0x00b9d0    program     static                          
                      cos   0x00bdcc    program     extern C:\mcc18\src\TRADIT~1\stdclib\cos.c
             declareTable   0x00a73c    program     extern C:\rs\07StandardFinal\catlin_routines.c
             deployKeeper   0x003194    program     extern C:\rs\07StandardFinal\catlin_auto_tom.c
                     done   0x00b9f4    program     static                          
             done_copying   0x00b9de    program     static                          
                driveSide   0x003296    program     extern C:\rs\07StandardFinal\catlin_auto_tom.c
            driveStraight   0x003252    program     extern C:\rs\07StandardFinal\catlin_auto_tom.c
       drive_code_mecanum   0x0008bc    program     extern C:\rs\07StandardFinal\catlin_mecanum.c
                  endloop   0x00bec6    program     static                          
                     fabs   0x00bcb2    program     extern C:\mcc18\src\TRADIT~1\stdclib\fabs.c
          getSpinRotation   0x0089c0    program     extern C:\rs\07StandardFinal\catlin_gyro.c
                 inBounds   0x0021b0    program     extern C:\rs\07StandardFinal\catlin_mecanum.c
             inBufferZone   0x00a052    program     extern C:\rs\07StandardFinal\catlin_control.c
                  isdigit   0x00bef4    program     extern C:\MCC18\SRC\TRADIT~1\STDCLIB\isdigit.asm
                 jANotInf   0x007e18    program     static C:\MCC18\SRC\TRADIT~1\MATH\mulFP.asm
                 jANotInf   0x007d72    program     static C:\MCC18\SRC\TRADIT~1\MATH\divFP.asm
                 jANotInf   0x007c50    program     static C:\MCC18\SRC\TRADIT~1\MATH\addFP.asm
                 jANotNeg   0x007ce4    program     static C:\MCC18\SRC\TRADIT~1\MATH\addFP.asm
                jANotZero   0x007d86    program     static C:\MCC18\SRC\TRADIT~1\MATH\divFP.asm
              jAandWsetup   0x007cb4    program     static C:\MCC18\SRC\TRADIT~1\MATH\addFP.asm
                  jAisNeg   0x008102    program     static C:\MCC18\SRC\TRADIT~1\MATH\compFP.asm
                 jAltBexp   0x007ca2    program     static C:\MCC18\SRC\TRADIT~1\MATH\addFP.asm
                jBANotInf   0x007c46    program     static C:\MCC18\SRC\TRADIT~1\MATH\addFP.asm
                 jBNotInf   0x007c5e    program     static C:\MCC18\SRC\TRADIT~1\MATH\addFP.asm
              jBothFinite   0x007e26    program     static C:\MCC18\SRC\TRADIT~1\MATH\mulFP.asm
             jBothNotZero   0x007e32    program     static C:\MCC18\SRC\TRADIT~1\MATH\mulFP.asm
             jBothNotZero   0x0080a4    program     static C:\MCC18\SRC\TRADIT~1\MATH\compFP.asm
            jDifOrPosSign   0x007c72    program     static C:\MCC18\SRC\TRADIT~1\MATH\addFP.asm
                      jEQ   0x0080c0    program     static C:\MCC18\SRC\TRADIT~1\MATH\compFP.asm
                     jEnd   0x00bc00    program     static C:\MCC18\SRC\TRADIT~1\STDCLIB\strlen.asm
                     jEnd   0x00bc38    program     static C:\MCC18\SRC\TRADIT~1\STDCLIB\slenpgm.asm
                    jExch   0x0080cc    program     static C:\MCC18\SRC\TRADIT~1\MATH\compFP.asm
                    jExit   0x008060    program     static C:\MCC18\SRC\TRADIT~1\MATH\castFP16.asm
                    jExit   0x008002    program     static C:\MCC18\SRC\TRADIT~1\MATH\castFP08.asm
                    jExit   0x0082de    program     static C:\MCC18\SRC\TRADIT~1\MATH\castFP32.asm
                   jExpEQ   0x008112    program     static C:\MCC18\SRC\TRADIT~1\MATH\compFP.asm
                   jFinal   0x0080f6    program     static C:\MCC18\SRC\TRADIT~1\MATH\compFP.asm
               jFinalSign   0x007d4c    program     static C:\MCC18\SRC\TRADIT~1\MATH\addFP.asm
                jHaveZero   0x007e2e    program     static C:\MCC18\SRC\TRADIT~1\MATH\mulFP.asm
                jI2F08Beg   0x007be8    program     static C:\MCC18\SRC\TRADIT~1\MATH\cast08FP.asm
                jI2F16Beg   0x007c10    program     static C:\MCC18\SRC\TRADIT~1\MATH\cast16FP.asm
                jI2F32Beg   0x008258    program     static C:\MCC18\SRC\TRADIT~1\MATH\cast32FP.asm
                    jLoop   0x0082b2    program     static C:\MCC18\SRC\TRADIT~1\MATH\castFP32.asm
                    jLoop   0x007dae    program     static C:\MCC18\SRC\TRADIT~1\MATH\divFP.asm
                    jLoop   0x007fea    program     static C:\MCC18\SRC\TRADIT~1\MATH\castFP08.asm
                    jLoop   0x008040    program     static C:\MCC18\SRC\TRADIT~1\MATH\castFP16.asm
                    jLoop   0x00bbf6    program     static C:\MCC18\SRC\TRADIT~1\STDCLIB\strlen.asm
                    jLoop   0x00bc20    program     static C:\MCC18\SRC\TRADIT~1\STDCLIB\slenpgm.asm
                jLoopExit   0x0082c6    program     static C:\MCC18\SRC\TRADIT~1\MATH\castFP32.asm
                jLoopExit   0x007ff8    program     static C:\MCC18\SRC\TRADIT~1\MATH\castFP08.asm
                jLoopExit   0x008050    program     static C:\MCC18\SRC\TRADIT~1\MATH\castFP16.asm
                   jMatch   0x00bf14    program     static C:\MCC18\SRC\TRADIT~1\STDCLIB\isdigit.asm
                     jMax   0x007fc6    program     static C:\MCC18\SRC\TRADIT~1\MATH\castFP08.asm
                     jMax   0x008014    program     static C:\MCC18\SRC\TRADIT~1\MATH\castFP16.asm
                     jMax   0x008282    program     static C:\MCC18\SRC\TRADIT~1\MATH\castFP32.asm
                  jMaxNeg   0x008294    program     static C:\MCC18\SRC\TRADIT~1\MATH\castFP32.asm
                  jMaxNeg   0x008022    program     static C:\MCC18\SRC\TRADIT~1\MATH\castFP16.asm
                  jMaxNeg   0x007fd0    program     static C:\MCC18\SRC\TRADIT~1\MATH\castFP08.asm
                  jMaxPos   0x008286    program     static C:\MCC18\SRC\TRADIT~1\MATH\castFP32.asm
                  jMaxPos   0x008018    program     static C:\MCC18\SRC\TRADIT~1\MATH\castFP16.asm
                  jMaxPos   0x007fca    program     static C:\MCC18\SRC\TRADIT~1\MATH\castFP08.asm
                      jNE   0x0080c4    program     static C:\MCC18\SRC\TRADIT~1\MATH\compFP.asm
                    jNext   0x007dd4    program     static C:\MCC18\SRC\TRADIT~1\MATH\divFP.asm
                jNoAdjust   0x007dd2    program     static C:\MCC18\SRC\TRADIT~1\MATH\divFP.asm
                  jNoExch   0x0080ec    program     static C:\MCC18\SRC\TRADIT~1\MATH\compFP.asm
                 jNoMatch   0x00bf16    program     static C:\MCC18\SRC\TRADIT~1\STDCLIB\isdigit.asm
             jNotBothZero   0x007c76    program     static C:\MCC18\SRC\TRADIT~1\MATH\addFP.asm
                  jNotInf   0x008030    program     static C:\MCC18\SRC\TRADIT~1\MATH\castFP16.asm
                  jNotInf   0x007fda    program     static C:\MCC18\SRC\TRADIT~1\MATH\castFP08.asm
                  jNotInf   0x0082a0    program     static C:\MCC18\SRC\TRADIT~1\MATH\castFP32.asm
                  jPkLoop   0x008176    program     static C:\MCC18\SRC\TRADIT~1\MATH\packFP.asm
             jPkRoundDone   0x0081c0    program     static C:\MCC18\SRC\TRADIT~1\MATH\packFP.asm
               jPkRoundIt   0x0081a8    program     static C:\MCC18\SRC\TRADIT~1\MATH\packFP.asm
             jPkShiftDone   0x008192    program     static C:\MCC18\SRC\TRADIT~1\MATH\packFP.asm
           jReturnPosInf0   0x00814c    program     static C:\MCC18\SRC\TRADIT~1\MATH\packFP.asm
                  jRotate   0x00811e    program     static C:\MCC18\SRC\TRADIT~1\MATH\compFP.asm
                   jShift   0x008108    program     static C:\MCC18\SRC\TRADIT~1\MATH\compFP.asm
               jShiftDone   0x007d0c    program     static C:\MCC18\SRC\TRADIT~1\MATH\addFP.asm
               jShiftLoop   0x007cfe    program     static C:\MCC18\SRC\TRADIT~1\MATH\addFP.asm
                jSignDone   0x007d3c    program     static C:\MCC18\SRC\TRADIT~1\MATH\addFP.asm
              jSignedZero   0x007d7c    program     static C:\MCC18\SRC\TRADIT~1\MATH\divFP.asm
                 jSignsEQ   0x0080a8    program     static C:\MCC18\SRC\TRADIT~1\MATH\compFP.asm
                  jUnpkA1   0x0081ea    program     static C:\MCC18\SRC\TRADIT~1\MATH\UnpackFP.asm
                  jUnpkA2   0x008202    program     static C:\MCC18\SRC\TRADIT~1\MATH\UnpackFP.asm
                 jUnpkANZ   0x0081f8    program     static C:\MCC18\SRC\TRADIT~1\MATH\UnpackFP.asm
                  jUnpkB1   0x00821a    program     static C:\MCC18\SRC\TRADIT~1\MATH\UnpackFP.asm
                  jUnpkB2   0x008232    program     static C:\MCC18\SRC\TRADIT~1\MATH\UnpackFP.asm
                 jUnpkBNZ   0x008228    program     static C:\MCC18\SRC\TRADIT~1\MATH\UnpackFP.asm
                 jUnpkNaN   0x00820c    program     static C:\MCC18\SRC\TRADIT~1\MATH\UnpackFP.asm
                 jWNotNeg   0x007cf8    program     static C:\MCC18\SRC\TRADIT~1\MATH\addFP.asm
                   jWr123   0x00828c    program     static C:\MCC18\SRC\TRADIT~1\MATH\castFP32.asm
                  jWrZ123   0x00829c    program     static C:\MCC18\SRC\TRADIT~1\MATH\castFP32.asm
                    jZero   0x00802a    program     static C:\MCC18\SRC\TRADIT~1\MATH\castFP16.asm
                    jZero   0x00829a    program     static C:\MCC18\SRC\TRADIT~1\MATH\castFP32.asm
                    jZero   0x007fd6    program     static C:\MCC18\SRC\TRADIT~1\MATH\castFP08.asm
               jZero1and2   0x008150    program     static C:\MCC18\SRC\TRADIT~1\MATH\packFP.asm
                    ldexp   0x00b5ee    program     extern C:\mcc18\src\TRADIT~1\stdclib\ldexp.c
                     loop   0x00bf68    program     static C:\MCC18\SRC\TRADIT~1\PMC\USART\_usartpc.asm
                     loop   0x00bf28    program     static                          
                     loop   0x00beaa    program     static                          
                     loop   0x00be28    program     static                          
                     main   0x00becc    program     extern C:\rs\07StandardFinal\main.c
                      max   0x0033dc    program     extern C:\rs\07StandardFinal\catlin_auto_tom.c
                     max2   0x0023e2    program     extern C:\rs\07StandardFinal\catlin_mecanum.c
                     max4   0x00237c    program     extern C:\rs\07StandardFinal\catlin_mecanum.c
                      min   0x002210    program     extern C:\rs\07StandardFinal\catlin_mecanum.c
        preventWrapAround   0x00337c    program     extern C:\rs\07StandardFinal\catlin_auto_tom.c
                   printf   0x00b9f6    program     extern C:\mcc18\src\TRADIT~1\stdclib\printf.c
                     putc   0x00ba8a    program     extern C:\mcc18\src\TRADIT~1\stdclib\putc.c
           resetCameraPan   0x0035f2    program     extern C:\rs\07StandardFinal\catlin_auto_tom.c
          resetCameraTilt   0x00360e    program     extern C:\rs\07StandardFinal\catlin_auto_tom.c
          resetCameraView   0x00362a    program     extern C:\rs\07StandardFinal\catlin_auto_tom.c
                resetGyro   0x008c56    program     extern C:\rs\07StandardFinal\catlin_gyro.c
        restrictCameraPan   0x003446    program     extern C:\rs\07StandardFinal\catlin_auto_tom.c
       restrictCameraTilt   0x00351c    program     extern C:\rs\07StandardFinal\catlin_auto_tom.c
                   rotate   0x0032c8    program     extern C:\rs\07StandardFinal\catlin_auto_tom.c
       rotateLeftConstant   0x003332    program     extern C:\rs\07StandardFinal\catlin_auto_tom.c
   rotateLeftSlowConstant   0x00334e    program     extern C:\rs\07StandardFinal\catlin_auto_tom.c
      rotateRightConstant   0x003324    program     extern C:\rs\07StandardFinal\catlin_auto_tom.c
  rotateRightSlowConstant   0x003340    program     extern C:\rs\07StandardFinal\catlin_auto_tom.c
                 run_auto   0x002624    program     extern C:\rs\07StandardFinal\catlin_auto_tom.c
                  s_delay   0x009d3e    program     static C:\FrcCode_2006_8722\Util_lib.asm
                 s_digits   0x00bf8a    program     static C:\mcc18\src\TRADIT~1\stdclib\vfprintf.c
            s_put_n_chars   0x0044f0    program     static C:\mcc18\src\TRADIT~1\stdclib\vfprintf.c
                    scale   0x00227c    program     extern C:\rs\07StandardFinal\catlin_mecanum.c
                 setAngle   0x008c0a    program     extern C:\rs\07StandardFinal\catlin_gyro.c
               setArmGoal   0x00acac    program     extern C:\rs\07StandardFinal\catlin_arm.c
              setAutoMode   0x00335c    program     extern C:\rs\07StandardFinal\catlin_auto_tom.c
         setCameraPanStep   0x003630    program     extern C:\rs\07StandardFinal\catlin_auto_tom.c
        setCameraTiltStep   0x003660    program     extern C:\rs\07StandardFinal\catlin_auto_tom.c
                      sin   0x00bd7c    program     extern C:\mcc18\src\TRADIT~1\stdclib\sin.c
                     sqrt   0x009582    program     extern C:\mcc18\src\TRADIT~1\stdclib\sqrt.c
                   strlen   0x00bbe6    program     extern C:\MCC18\SRC\TRADIT~1\STDCLIB\strlen.asm
                strlenpgm   0x00bc02    program     extern C:\MCC18\SRC\TRADIT~1\STDCLIB\slenpgm.asm
                     test   0x00b972    program     static                          
                tomKiller   0x00a70a    program     extern C:\rs\07StandardFinal\catlin_routines.c
                updateArm   0x00ad7e    program     extern C:\rs\07StandardFinal\catlin_arm.c
               updateGyro   0x008c62    program     extern C:\rs\07StandardFinal\catlin_gyro.c
         updatePneumatics   0x00a6fc    program     extern C:\rs\07StandardFinal\catlin_routines.c
                 vfprintf   0x00451c    program     extern C:\mcc18\src\TRADIT~1\stdclib\vfprintf.c
                   AARGB0   0x00004e       data     extern C:\MCC18\SRC\TRADIT~1\MATH\aarg.asm
                   AARGB1   0x00004d       data     extern C:\MCC18\SRC\TRADIT~1\MATH\aarg.asm
                   AARGB2   0x00004c       data     extern C:\MCC18\SRC\TRADIT~1\MATH\aarg.asm
                   AARGB3   0x00004b       data     extern C:\MCC18\SRC\TRADIT~1\MATH\aarg.asm
                   AARGB4   0x00004a       data     extern C:\MCC18\SRC\TRADIT~1\MATH\aarg.asm
                   AARGB5   0x000049       data     extern C:\MCC18\SRC\TRADIT~1\MATH\aarg.asm
                   AARGB6   0x000048       data     extern C:\MCC18\SRC\TRADIT~1\MATH\aarg.asm
                   AARGB7   0x000047       data     extern C:\MCC18\SRC\TRADIT~1\MATH\aarg.asm
                   ADCON0   0x000fc2       data     extern C:\MCC18\SRC\TRADIT~1\PROC\p18f8722.asm
               ADCON0bits   0x000fc2       data     extern C:\MCC18\SRC\TRADIT~1\PROC\p18f8722.asm
                   ADCON1   0x000fc1       data     extern C:\MCC18\SRC\TRADIT~1\PROC\p18f8722.asm
               ADCON1bits   0x000fc1       data     extern C:\MCC18\SRC\TRADIT~1\PROC\p18f8722.asm
                   ADCON2   0x000fc0       data     extern C:\MCC18\SRC\TRADIT~1\PROC\p18f8722.asm
               ADCON2bits   0x000fc0       data     extern C:\MCC18\SRC\TRADIT~1\PROC\p18f8722.asm
                    ADRES   0x000fc3       data     extern C:\MCC18\SRC\TRADIT~1\PROC\p18f8722.asm
                   ADRESH   0x000fc4       data     extern C:\MCC18\SRC\TRADIT~1\PROC\p18f8722.asm
                   ADRESL   0x000fc3       data     extern C:\MCC18\SRC\TRADIT~1\PROC\p18f8722.asm
                     AEXP   0x00004f       data     extern C:\MCC18\SRC\TRADIT~1\MATH\aarg.asm
                   BARGB0   0x000053       data     extern C:\MCC18\SRC\TRADIT~1\MATH\barg.asm
                   BARGB1   0x000052       data     extern C:\MCC18\SRC\TRADIT~1\MATH\barg.asm
                   BARGB2   0x000051       data     extern C:\MCC18\SRC\TRADIT~1\MATH\barg.asm
                   BARGB3   0x000050       data     extern C:\MCC18\SRC\TRADIT~1\MATH\barg.asm
                  BAUDCON   0x000f7e       data     extern C:\MCC18\SRC\TRADIT~1\PROC\p18f8722.asm
                 BAUDCON1   0x000f7e       data     extern C:\MCC18\SRC\TRADIT~1\PROC\p18f8722.asm
             BAUDCON1bits   0x000f7e       data     extern C:\MCC18\SRC\TRADIT~1\PROC\p18f8722.asm
                 BAUDCON2   0x000f7c       data     extern C:\MCC18\SRC\TRADIT~1\PROC\p18f8722.asm
             BAUDCON2bits   0x000f7c       data     extern C:\MCC18\SRC\TRADIT~1\PROC\p18f8722.asm
              BAUDCONbits   0x000f7e       data     extern C:\MCC18\SRC\TRADIT~1\PROC\p18f8722.asm
                     BEXP   0x000054       data     extern C:\MCC18\SRC\TRADIT~1\MATH\barg.asm
                      BSR   0x000fe0       data     extern C:\MCC18\SRC\TRADIT~1\PROC\p18f8722.asm
                  CCP1CON   0x000fbd       data     extern C:\MCC18\SRC\TRADIT~1\PROC\p18f8722.asm
              CCP1CONbits   0x000fbd       data     extern C:\MCC18\SRC\TRADIT~1\PROC\p18f8722.asm
                  CCP2CON   0x000fba       data     extern C:\MCC18\SRC\TRADIT~1\PROC\p18f8722.asm
              CCP2CONbits   0x000fba       data     extern C:\MCC18\SRC\TRADIT~1\PROC\p18f8722.asm
                  CCP3CON   0x000fb7       data     extern C:\MCC18\SRC\TRADIT~1\PROC\p18f8722.asm
              CCP3CONbits   0x000fb7       data     extern C:\MCC18\SRC\TRADIT~1\PROC\p18f8722.asm
                  CCP4CON   0x000f73       data     extern C:\MCC18\SRC\TRADIT~1\PROC\p18f8722.asm
              CCP4CONbits   0x000f73       data     extern C:\MCC18\SRC\TRADIT~1\PROC\p18f8722.asm
                  CCP5CON   0x000f70       data     extern C:\MCC18\SRC\TRADIT~1\PROC\p18f8722.asm
              CCP5CONbits   0x000f70       data     extern C:\MCC18\SRC\TRADIT~1\PROC\p18f8722.asm
                    CCPR1   0x000fbe       data     extern C:\MCC18\SRC\TRADIT~1\PROC\p18f8722.asm
                   CCPR1H   0x000fbf       data     extern C:\MCC18\SRC\TRADIT~1\PROC\p18f8722.asm
                   CCPR1L   0x000fbe       data     extern C:\MCC18\SRC\TRADIT~1\PROC\p18f8722.asm
                    CCPR2   0x000fbb       data     extern C:\MCC18\SRC\TRADIT~1\PROC\p18f8722.asm
                   CCPR2H   0x000fbc       data     extern C:\MCC18\SRC\TRADIT~1\PROC\p18f8722.asm
                   CCPR2L   0x000fbb       data     extern C:\MCC18\SRC\TRADIT~1\PROC\p18f8722.asm
                    CCPR3   0x000fb8       data     extern C:\MCC18\SRC\TRADIT~1\PROC\p18f8722.asm
                   CCPR3H   0x000fb9       data     extern C:\MCC18\SRC\TRADIT~1\PROC\p18f8722.asm
                   CCPR3L   0x000fb8       data     extern C:\MCC18\SRC\TRADIT~1\PROC\p18f8722.asm
                    CCPR4   0x000f74       data     extern C:\MCC18\SRC\TRADIT~1\PROC\p18f8722.asm
                   CCPR4H   0x000f75       data     extern C:\MCC18\SRC\TRADIT~1\PROC\p18f8722.asm
                   CCPR4L   0x000f74       data     extern C:\MCC18\SRC\TRADIT~1\PROC\p18f8722.asm
                    CCPR5   0x000f71       data     extern C:\MCC18\SRC\TRADIT~1\PROC\p18f8722.asm
                   CCPR5H   0x000f72       data     extern C:\MCC18\SRC\TRADIT~1\PROC\p18f8722.asm
                   CCPR5L   0x000f71       data     extern C:\MCC18\SRC\TRADIT~1\PROC\p18f8722.asm
                    CMCON   0x000fb4       data     extern C:\MCC18\SRC\TRADIT~1\PROC\p18f8722.asm
                CMCONbits   0x000fb4       data     extern C:\MCC18\SRC\TRADIT~1\PROC\p18f8722.asm
                   CVRCON   0x000fb5       data     extern C:\MCC18\SRC\TRADIT~1\PROC\p18f8722.asm
               CVRCONbits   0x000fb5       data     extern C:\MCC18\SRC\TRADIT~1\PROC\p18f8722.asm
       Camera_Config_Data   0x000188       data     extern C:\rs\07StandardFinal\camera.c
                      Cnt   0x000043       data     static C:\FrcCode_2006_8722\Util_lib.asm
                     Cnt1   0x000044       data     static C:\FrcCode_2006_8722\Util_lib.asm
                     DDRA   0x000f92       data     extern C:\MCC18\SRC\TRADIT~1\PROC\p18f8722.asm
                 DDRAbits   0x000f92       data     extern C:\MCC18\SRC\TRADIT~1\PROC\p18f8722.asm
                     DDRB   0x000f93       data     extern C:\MCC18\SRC\TRADIT~1\PROC\p18f8722.asm
                 DDRBbits   0x000f93       data     extern C:\MCC18\SRC\TRADIT~1\PROC\p18f8722.asm
                     DDRC   0x000f94       data     extern C:\MCC18\SRC\TRADIT~1\PROC\p18f8722.asm
                 DDRCbits   0x000f94       data     extern C:\MCC18\SRC\TRADIT~1\PROC\p18f8722.asm
                     DDRD   0x000f95       data     extern C:\MCC18\SRC\TRADIT~1\PROC\p18f8722.asm
                 DDRDbits   0x000f95       data     extern C:\MCC18\SRC\TRADIT~1\PROC\p18f8722.asm
                     DDRE   0x000f96       data     extern C:\MCC18\SRC\TRADIT~1\PROC\p18f8722.asm
                 DDREbits   0x000f96       data     extern C:\MCC18\SRC\TRADIT~1\PROC\p18f8722.asm
                     DDRF   0x000f97       data     extern C:\MCC18\SRC\TRADIT~1\PROC\p18f8722.asm
                 DDRFbits   0x000f97       data     extern C:\MCC18\SRC\TRADIT~1\PROC\p18f8722.asm
                     DDRG   0x000f98       data     extern C:\MCC18\SRC\TRADIT~1\PROC\p18f8722.asm
                 DDRGbits   0x000f98       data     extern C:\MCC18\SRC\TRADIT~1\PROC\p18f8722.asm
                     DDRH   0x000f99       data     extern C:\MCC18\SRC\TRADIT~1\PROC\p18f8722.asm
                 DDRHbits   0x000f99       data     extern C:\MCC18\SRC\TRADIT~1\PROC\p18f8722.asm
                     DDRJ   0x000f9a       data     extern C:\MCC18\SRC\TRADIT~1\PROC\p18f8722.asm
                 DDRJbits   0x000f9a       data     extern C:\MCC18\SRC\TRADIT~1\PROC\p18f8722.asm
            DelayCounter1   0x00005b       data     extern C:\MCC18\SRC\TRADIT~1\DELAYS\delayd1.asm
                  ECCP1AS   0x000fb6       data     extern C:\MCC18\SRC\TRADIT~1\PROC\p18f8722.asm
              ECCP1ASbits   0x000fb6       data     extern C:\MCC18\SRC\TRADIT~1\PROC\p18f8722.asm
                 ECCP1CON   0x000fbd       data     extern C:\MCC18\SRC\TRADIT~1\PROC\p18f8722.asm
             ECCP1CONbits   0x000fbd       data     extern C:\MCC18\SRC\TRADIT~1\PROC\p18f8722.asm
[...]
                 DDRCbits   0x000f94       data     extern C:\MCC18\SRC\TRADIT~1\PROC\p18f8722.asm
                     DDRD   0x000f95       data     extern C:\MCC18\SRC\TRADIT~1\PROC\p18f8722.asm
                    TRISD   0x000f95       data     extern C:\MCC18\SRC\TRADIT~1\PROC\p18f8722.asm
                TRISDbits   0x000f95       data     extern C:\MCC18\SRC\TRADIT~1\PROC\p18f8722.asm
                 DDRDbits   0x000f95       data     extern C:\MCC18\SRC\TRADIT~1\PROC\p18f8722.asm
                     DDRE   0x000f96       data     extern C:\MCC18\SRC\TRADIT~1\PROC\p18f8722.asm
                 DDREbits   0x000f96       data     extern C:\MCC18\SRC\TRADIT~1\PROC\p18f8722.asm
                    TRISE   0x000f96       data     extern C:\MCC18\SRC\TRADIT~1\PROC\p18f8722.asm
                TRISEbits   0x000f96       data     extern C:\MCC18\SRC\TRADIT~1\PROC\p18f8722.asm
                 DDRFbits   0x000f97       data     extern C:\MCC18\SRC\TRADIT~1\PROC\p18f8722.asm
                     DDRF   0x000f97       data     extern C:\MCC18\SRC\TRADIT~1\PROC\p18f8722.asm
                TRISFbits   0x000f97       data     extern C:\MCC18\SRC\TRADIT~1\PROC\p18f8722.asm
                    TRISF   0x000f97       data     extern C:\MCC18\SRC\TRADIT~1\PROC\p18f8722.asm
                TRISGbits   0x000f98       data     extern C:\MCC18\SRC\TRADIT~1\PROC\p18f8722.asm
                    TRISG   0x000f98       data     extern C:\MCC18\SRC\TRADIT~1\PROC\p18f8722.asm
                     DDRG   0x000f98       data     extern C:\MCC18\SRC\TRADIT~1\PROC\p18f8722.asm
                 DDRGbits   0x000f98       data     extern C:\MCC18\SRC\TRADIT~1\PROC\p18f8722.asm
                     DDRH   0x000f99       data     extern C:\MCC18\SRC\TRADIT~1\PROC\p18f8722.asm
                 DDRHbits   0x000f99       data     extern C:\MCC18\SRC\TRADIT~1\PROC\p18f8722.asm
                    TRISH   0x000f99       data     extern C:\MCC18\SRC\TRADIT~1\PROC\p18f8722.asm
                TRISHbits   0x000f99       data     extern C:\MCC18\SRC\TRADIT~1\PROC\p18f8722.asm
                 DDRJbits   0x000f9a       data     extern C:\MCC18\SRC\TRADIT~1\PROC\p18f8722.asm
                     DDRJ   0x000f9a       data     extern C:\MCC18\SRC\TRADIT~1\PROC\p18f8722.asm
                    TRISJ   0x000f9a       data     extern C:\MCC18\SRC\TRADIT~1\PROC\p18f8722.asm
                TRISJbits   0x000f9a       data     extern C:\MCC18\SRC\TRADIT~1\PROC\p18f8722.asm
              OSCTUNEbits   0x000f9b       data     extern C:\MCC18\SRC\TRADIT~1\PROC\p18f8722.asm
                  OSCTUNE   0x000f9b       data     extern C:\MCC18\SRC\TRADIT~1\PROC\p18f8722.asm
               MEMCONbits   0x000f9c       data     extern C:\MCC18\SRC\TRADIT~1\PROC\p18f8722.asm
                   MEMCON   0x000f9c       data     extern C:\MCC18\SRC\TRADIT~1\PROC\p18f8722.asm
                 PIE1bits   0x000f9d       data     extern C:\MCC18\SRC\TRADIT~1\PROC\p18f8722.asm
                     PIE1   0x000f9d       data     extern C:\MCC18\SRC\TRADIT~1\PROC\p18f8722.asm
                     PIR1   0x000f9e       data     extern C:\MCC18\SRC\TRADIT~1\PROC\p18f8722.asm
                 PIR1bits   0x000f9e       data     extern C:\MCC18\SRC\TRADIT~1\PROC\p18f8722.asm
                 IPR1bits   0x000f9f       data     extern C:\MCC18\SRC\TRADIT~1\PROC\p18f8722.asm
                     IPR1   0x000f9f       data     extern C:\MCC18\SRC\TRADIT~1\PROC\p18f8722.asm
                     PIE2   0x000fa0       data     extern C:\MCC18\SRC\TRADIT~1\PROC\p18f8722.asm
                 PIE2bits   0x000fa0       data     extern C:\MCC18\SRC\TRADIT~1\PROC\p18f8722.asm
                     PIR2   0x000fa1       data     extern C:\MCC18\SRC\TRADIT~1\PROC\p18f8722.asm
                 PIR2bits   0x000fa1       data     extern C:\MCC18\SRC\TRADIT~1\PROC\p18f8722.asm
                     IPR2   0x000fa2       data     extern C:\MCC18\SRC\TRADIT~1\PROC\p18f8722.asm
                 IPR2bits   0x000fa2       data     extern C:\MCC18\SRC\TRADIT~1\PROC\p18f8722.asm
                 PIE3bits   0x000fa3       data     extern C:\MCC18\SRC\TRADIT~1\PROC\p18f8722.asm
                     PIE3   0x000fa3       data     extern C:\MCC18\SRC\TRADIT~1\PROC\p18f8722.asm
                     PIR3   0x000fa4       data     extern C:\MCC18\SRC\TRADIT~1\PROC\p18f8722.asm
                 PIR3bits   0x000fa4       data     extern C:\MCC18\SRC\TRADIT~1\PROC\p18f8722.asm
                     IPR3   0x000fa5       data     extern C:\MCC18\SRC\TRADIT~1\PROC\p18f8722.asm
                 IPR3bits   0x000fa5       data     extern C:\MCC18\SRC\TRADIT~1\PROC\p18f8722.asm
                   EECON1   0x000fa6       data     extern C:\MCC18\SRC\TRADIT~1\PROC\p18f8722.asm
               EECON1bits   0x000fa6       data     extern C:\MCC18\SRC\TRADIT~1\PROC\p18f8722.asm
                   EECON2   0x000fa7       data     extern C:\MCC18\SRC\TRADIT~1\PROC\p18f8722.asm
                   EEDATA   0x000fa8       data     extern C:\MCC18\SRC\TRADIT~1\PROC\p18f8722.asm
                    EEADR   0x000fa9       data     extern C:\MCC18\SRC\TRADIT~1\PROC\p18f8722.asm
                   EEADRH   0x000faa       data     extern C:\MCC18\SRC\TRADIT~1\PROC\p18f8722.asm
                    RCSTA   0x000fab       data     extern C:\MCC18\SRC\TRADIT~1\PROC\p18f8722.asm
                RCSTAbits   0x000fab       data     extern C:\MCC18\SRC\TRADIT~1\PROC\p18f8722.asm
               RCSTA1bits   0x000fab       data     extern C:\MCC18\SRC\TRADIT~1\PROC\p18f8722.asm
                   RCSTA1   0x000fab       data     extern C:\MCC18\SRC\TRADIT~1\PROC\p18f8722.asm
                TXSTAbits   0x000fac       data     extern C:\MCC18\SRC\TRADIT~1\PROC\p18f8722.asm
               TXSTA1bits   0x000fac       data     extern C:\MCC18\SRC\TRADIT~1\PROC\p18f8722.asm
                   TXSTA1   0x000fac       data     extern C:\MCC18\SRC\TRADIT~1\PROC\p18f8722.asm
                    TXSTA   0x000fac       data     extern C:\MCC18\SRC\TRADIT~1\PROC\p18f8722.asm
                   TXREG1   0x000fad       data     extern C:\MCC18\SRC\TRADIT~1\PROC\p18f8722.asm
                    TXREG   0x000fad       data     extern C:\MCC18\SRC\TRADIT~1\PROC\p18f8722.asm
                    RCREG   0x000fae       data     extern C:\MCC18\SRC\TRADIT~1\PROC\p18f8722.asm
                   RCREG1   0x000fae       data     extern C:\MCC18\SRC\TRADIT~1\PROC\p18f8722.asm
                    SPBRG   0x000faf       data     extern C:\MCC18\SRC\TRADIT~1\PROC\p18f8722.asm
                   SPBRG1   0x000faf       data     extern C:\MCC18\SRC\TRADIT~1\PROC\p18f8722.asm
               PSPCONbits   0x000fb0       data     extern C:\MCC18\SRC\TRADIT~1\PROC\p18f8722.asm
                   PSPCON   0x000fb0       data     extern C:\MCC18\SRC\TRADIT~1\PROC\p18f8722.asm
                T3CONbits   0x000fb1       data     extern C:\MCC18\SRC\TRADIT~1\PROC\p18f8722.asm
                    T3CON   0x000fb1       data     extern C:\MCC18\SRC\TRADIT~1\PROC\p18f8722.asm
                    TMR3L   0x000fb2       data     extern C:\MCC18\SRC\TRADIT~1\PROC\p18f8722.asm
                    TMR3H   0x000fb3       data     extern C:\MCC18\SRC\TRADIT~1\PROC\p18f8722.asm
                CMCONbits   0x000fb4       data     extern C:\MCC18\SRC\TRADIT~1\PROC\p18f8722.asm
                    CMCON   0x000fb4       data     extern C:\MCC18\SRC\TRADIT~1\PROC\p18f8722.asm
               CVRCONbits   0x000fb5       data     extern C:\MCC18\SRC\TRADIT~1\PROC\p18f8722.asm
                   CVRCON   0x000fb5       data     extern C:\MCC18\SRC\TRADIT~1\PROC\p18f8722.asm
                  ECCP1AS   0x000fb6       data     extern C:\MCC18\SRC\TRADIT~1\PROC\p18f8722.asm
              ECCP1ASbits   0x000fb6       data     extern C:\MCC18\SRC\TRADIT~1\PROC\p18f8722.asm
                 ECCP3CON   0x000fb7       data     extern C:\MCC18\SRC\TRADIT~1\PROC\p18f8722.asm
             ECCP3CONbits   0x000fb7       data     extern C:\MCC18\SRC\TRADIT~1\PROC\p18f8722.asm
                  CCP3CON   0x000fb7       data     extern C:\MCC18\SRC\TRADIT~1\PROC\p18f8722.asm
              CCP3CONbits   0x000fb7       data     extern C:\MCC18\SRC\TRADIT~1\PROC\p18f8722.asm
                   CCPR3L   0x000fb8       data     extern C:\MCC18\SRC\TRADIT~1\PROC\p18f8722.asm
                    CCPR3   0x000fb8       data     extern C:\MCC18\SRC\TRADIT~1\PROC\p18f8722.asm
                   CCPR3H   0x000fb9       data     extern C:\MCC18\SRC\TRADIT~1\PROC\p18f8722.asm
                 ECCP2CON   0x000fba       data     extern C:\MCC18\SRC\TRADIT~1\PROC\p18f8722.asm
                  CCP2CON   0x000fba       data     extern C:\MCC18\SRC\TRADIT~1\PROC\p18f8722.asm
              CCP2CONbits   0x000fba       data     extern C:\MCC18\SRC\TRADIT~1\PROC\p18f8722.asm
             ECCP2CONbits   0x000fba       data     extern C:\MCC18\SRC\TRADIT~1\PROC\p18f8722.asm
                   CCPR2L   0x000fbb       data     extern C:\MCC18\SRC\TRADIT~1\PROC\p18f8722.asm
                    CCPR2   0x000fbb       data     extern C:\MCC18\SRC\TRADIT~1\PROC\p18f8722.asm
                   CCPR2H   0x000fbc       data     extern C:\MCC18\SRC\TRADIT~1\PROC\p18f8722.asm
                 ECCP1CON   0x000fbd       data     extern C:\MCC18\SRC\TRADIT~1\PROC\p18f8722.asm
             ECCP1CONbits   0x000fbd       data     extern C:\MCC18\SRC\TRADIT~1\PROC\p18f8722.asm
                  CCP1CON   0x000fbd       data     extern C:\MCC18\SRC\TRADIT~1\PROC\p18f8722.asm
              CCP1CONbits   0x000fbd       data     extern C:\MCC18\SRC\TRADIT~1\PROC\p18f8722.asm
                   CCPR1L   0x000fbe       data     extern C:\MCC18\SRC\TRADIT~1\PROC\p18f8722.asm
                    CCPR1   0x000fbe       data     extern C:\MCC18\SRC\TRADIT~1\PROC\p18f8722.asm
                   CCPR1H   0x000fbf       data     extern C:\MCC18\SRC\TRADIT~1\PROC\p18f8722.asm
                   ADCON2   0x000fc0       data     extern C:\MCC18\SRC\TRADIT~1\PROC\p18f8722.asm
               ADCON2bits   0x000fc0       data     extern C:\MCC18\SRC\TRADIT~1\PROC\p18f8722.asm
                   ADCON1   0x000fc1       data     extern C:\MCC18\SRC\TRADIT~1\PROC\p18f8722.asm
               ADCON1bits   0x000fc1       data     extern C:\MCC18\SRC\TRADIT~1\PROC\p18f8722.asm
               ADCON0bits   0x000fc2       data     extern C:\MCC18\SRC\TRADIT~1\PROC\p18f8722.asm
                   ADCON0   0x000fc2       data     extern C:\MCC18\SRC\TRADIT~1\PROC\p18f8722.asm
                   ADRESL   0x000fc3       data     extern C:\MCC18\SRC\TRADIT~1\PROC\p18f8722.asm
                    ADRES   0x000fc3       data     extern C:\MCC18\SRC\TRADIT~1\PROC\p18f8722.asm
                   ADRESH   0x000fc4       data     extern C:\MCC18\SRC\TRADIT~1\PROC\p18f8722.asm
                 SSP1CON2   0x000fc5       data     extern C:\MCC18\SRC\TRADIT~1\PROC\p18f8722.asm
             SSP1CON2bits   0x000fc5       data     extern C:\MCC18\SRC\TRADIT~1\PROC\p18f8722.asm
                  SSPCON2   0x000fc5       data     extern C:\MCC18\SRC\TRADIT~1\PROC\p18f8722.asm
              SSPCON2bits   0x000fc5       data     extern C:\MCC18\SRC\TRADIT~1\PROC\p18f8722.asm
                 SSP1CON1   0x000fc6       data     extern C:\MCC18\SRC\TRADIT~1\PROC\p18f8722.asm
             SSP1CON1bits   0x000fc6       data     extern C:\MCC18\SRC\TRADIT~1\PROC\p18f8722.asm
                  SSPCON1   0x000fc6       data     extern C:\MCC18\SRC\TRADIT~1\PROC\p18f8722.asm
              SSPCON1bits   0x000fc6       data     extern C:\MCC18\SRC\TRADIT~1\PROC\p18f8722.asm
                  SSPSTAT   0x000fc7       data     extern C:\MCC18\SRC\TRADIT~1\PROC\p18f8722.asm
              SSPSTATbits   0x000fc7       data     extern C:\MCC18\SRC\TRADIT~1\PROC\p18f8722.asm
             SSP1STATbits   0x000fc7       data     extern C:\MCC18\SRC\TRADIT~1\PROC\p18f8722.asm
                 SSP1STAT   0x000fc7       data     extern C:\MCC18\SRC\TRADIT~1\PROC\p18f8722.asm
                  SSP1ADD   0x000fc8       data     extern C:\MCC18\SRC\TRADIT~1\PROC\p18f8722.asm
                   SSPADD   0x000fc8       data     extern C:\MCC18\SRC\TRADIT~1\PROC\p18f8722.asm
                  SSP1BUF   0x000fc9       data     extern C:\MCC18\SRC\TRADIT~1\PROC\p18f8722.asm
                   SSPBUF   0x000fc9       data     extern C:\MCC18\SRC\TRADIT~1\PROC\p18f8722.asm
                T2CONbits   0x000fca       data     extern C:\MCC18\SRC\TRADIT~1\PROC\p18f8722.asm
                    T2CON   0x000fca       data     extern C:\MCC18\SRC\TRADIT~1\PROC\p18f8722.asm
                      PR2   0x000fcb       data     extern C:\MCC18\SRC\TRADIT~1\PROC\p18f8722.asm
                     TMR2   0x000fcc       data     extern C:\MCC18\SRC\TRADIT~1\PROC\p18f8722.asm
                    T1CON   0x000fcd       data     extern C:\MCC18\SRC\TRADIT~1\PROC\p18f8722.asm
                T1CONbits   0x000fcd       data     extern C:\MCC18\SRC\TRADIT~1\PROC\p18f8722.asm
                    TMR1L   0x000fce       data     extern C:\MCC18\SRC\TRADIT~1\PROC\p18f8722.asm
                    TMR1H   0x000fcf       data     extern C:\MCC18\SRC\TRADIT~1\PROC\p18f8722.asm
                 RCONbits   0x000fd0       data     extern C:\MCC18\SRC\TRADIT~1\PROC\p18f8722.asm
                     RCON   0x000fd0       data     extern C:\MCC18\SRC\TRADIT~1\PROC\p18f8722.asm
               WDTCONbits   0x000fd1       data     extern C:\MCC18\SRC\TRADIT~1\PROC\p18f8722.asm
                   WDTCON   0x000fd1       data     extern C:\MCC18\SRC\TRADIT~1\PROC\p18f8722.asm
               LVDCONbits   0x000fd2       data     extern C:\MCC18\SRC\TRADIT~1\PROC\p18f8722.asm
                   LVDCON   0x000fd2       data     extern C:\MCC18\SRC\TRADIT~1\PROC\p18f8722.asm
                  HLVDCON   0x000fd2       data     extern C:\MCC18\SRC\TRADIT~1\PROC\p18f8722.asm
              HLVDCONbits   0x000fd2       data     extern C:\MCC18\SRC\TRADIT~1\PROC\p18f8722.asm
               OSCCONbits   0x000fd3       data     extern C:\MCC18\SRC\TRADIT~1\PROC\p18f8722.asm
                   OSCCON   0x000fd3       data     extern C:\MCC18\SRC\TRADIT~1\PROC\p18f8722.asm
                T0CONbits   0x000fd5       data     extern C:\MCC18\SRC\TRADIT~1\PROC\p18f8722.asm
                    T0CON   0x000fd5       data     extern C:\MCC18\SRC\TRADIT~1\PROC\p18f8722.asm
                    TMR0L   0x000fd6       data     extern C:\MCC18\SRC\TRADIT~1\PROC\p18f8722.asm
                    TMR0H   0x000fd7       data     extern C:\MCC18\SRC\TRADIT~1\PROC\p18f8722.asm
                   STATUS   0x000fd8       data     extern C:\MCC18\SRC\TRADIT~1\PROC\p18f8722.asm
               STATUSbits   0x000fd8       data     extern C:\MCC18\SRC\TRADIT~1\PROC\p18f8722.asm
                    FSR2L   0x000fd9       data     extern C:\MCC18\SRC\TRADIT~1\PROC\p18f8722.asm
                     FSR2   0x000fd9       data     extern C:\MCC18\SRC\TRADIT~1\PROC\p18f8722.asm
                    FSR2H   0x000fda       data     extern C:\MCC18\SRC\TRADIT~1\PROC\p18f8722.asm
                   PLUSW2   0x000fdb       data     extern C:\MCC18\SRC\TRADIT~1\PROC\p18f8722.asm
                  PREINC2   0x000fdc       data     extern C:\MCC18\SRC\TRADIT~1\PROC\p18f8722.asm
                 POSTDEC2   0x000fdd       data     extern C:\MCC18\SRC\TRADIT~1\PROC\p18f8722.asm
                 POSTINC2   0x000fde       data     extern C:\MCC18\SRC\TRADIT~1\PROC\p18f8722.asm
                    INDF2   0x000fdf       data     extern C:\MCC18\SRC\TRADIT~1\PROC\p18f8722.asm
                      BSR   0x000fe0       data     extern C:\MCC18\SRC\TRADIT~1\PROC\p18f8722.asm
                     FSR1   0x000fe1       data     extern C:\MCC18\SRC\TRADIT~1\PROC\p18f8722.asm
                    FSR1L   0x000fe1       data     extern C:\MCC18\SRC\TRADIT~1\PROC\p18f8722.asm
                    FSR1H   0x000fe2       data     extern C:\MCC18\SRC\TRADIT~1\PROC\p18f8722.asm
                   PLUSW1   0x000fe3       data     extern C:\MCC18\SRC\TRADIT~1\PROC\p18f8722.asm
                  PREINC1   0x000fe4       data     extern C:\MCC18\SRC\TRADIT~1\PROC\p18f8722.asm
                 POSTDEC1   0x000fe5       data     extern C:\MCC18\SRC\TRADIT~1\PROC\p18f8722.asm
                 POSTINC1   0x000fe6       data     extern C:\MCC18\SRC\TRADIT~1\PROC\p18f8722.asm
                    INDF1   0x000fe7       data     extern C:\MCC18\SRC\TRADIT~1\PROC\p18f8722.asm
                     WREG   0x000fe8       data     extern C:\MCC18\SRC\TRADIT~1\PROC\p18f8722.asm
                     FSR0   0x000fe9       data     extern C:\MCC18\SRC\TRADIT~1\PROC\p18f8722.asm
                    FSR0L   0x000fe9       data     extern C:\MCC18\SRC\TRADIT~1\PROC\p18f8722.asm
                    FSR0H   0x000fea       data     extern C:\MCC18\SRC\TRADIT~1\PROC\p18f8722.asm
                   PLUSW0   0x000feb       data     extern C:\MCC18\SRC\TRADIT~1\PROC\p18f8722.asm
                  PREINC0   0x000fec       data     extern C:\MCC18\SRC\TRADIT~1\PROC\p18f8722.asm
                 POSTDEC0   0x000fed       data     extern C:\MCC18\SRC\TRADIT~1\PROC\p18f8722.asm
                 POSTINC0   0x000fee       data     extern C:\MCC18\SRC\TRADIT~1\PROC\p18f8722.asm
                    INDF0   0x000fef       data     extern C:\MCC18\SRC\TRADIT~1\PROC\p18f8722.asm
                  INTCON3   0x000ff0       data     extern C:\MCC18\SRC\TRADIT~1\PROC\p18f8722.asm
              INTCON3bits   0x000ff0       data     extern C:\MCC18\SRC\TRADIT~1\PROC\p18f8722.asm
                  INTCON2   0x000ff1       data     extern C:\MCC18\SRC\TRADIT~1\PROC\p18f8722.asm
              INTCON2bits   0x000ff1       data     extern C:\MCC18\SRC\TRADIT~1\PROC\p18f8722.asm
                   INTCON   0x000ff2       data     extern C:\MCC18\SRC\TRADIT~1\PROC\p18f8722.asm
               INTCONbits   0x000ff2       data     extern C:\MCC18\SRC\TRADIT~1\PROC\p18f8722.asm
                     PROD   0x000ff3       data     extern C:\MCC18\SRC\TRADIT~1\PROC\p18f8722.asm
                    PRODL   0x000ff3       data     extern C:\MCC18\SRC\TRADIT~1\PROC\p18f8722.asm
                    PRODH   0x000ff4       data     extern C:\MCC18\SRC\TRADIT~1\PROC\p18f8722.asm
                   TABLAT   0x000ff5       data     extern C:\MCC18\SRC\TRADIT~1\PROC\p18f8722.asm
                  TBLPTRL   0x000ff6       data     extern C:\MCC18\SRC\TRADIT~1\PROC\p18f8722.asm
                   TBLPTR   0x000ff6       data     extern C:\MCC18\SRC\TRADIT~1\PROC\p18f8722.asm
                  TBLPTRH   0x000ff7       data     extern C:\MCC18\SRC\TRADIT~1\PROC\p18f8722.asm
                  TBLPTRU   0x000ff8       data     extern C:\MCC18\SRC\TRADIT~1\PROC\p18f8722.asm
                      PCL   0x000ff9       data     extern C:\MCC18\SRC\TRADIT~1\PROC\p18f8722.asm
                       PC   0x000ff9       data     extern C:\MCC18\SRC\TRADIT~1\PROC\p18f8722.asm
                   PCLATH   0x000ffa       data     extern C:\MCC18\SRC\TRADIT~1\PROC\p18f8722.asm
                   PCLATU   0x000ffb       data     extern C:\MCC18\SRC\TRADIT~1\PROC\p18f8722.asm
                   STKPTR   0x000ffc       data     extern C:\MCC18\SRC\TRADIT~1\PROC\p18f8722.asm
               STKPTRbits   0x000ffc       data     extern C:\MCC18\SRC\TRADIT~1\PROC\p18f8722.asm
                      TOS   0x000ffd       data     extern C:\MCC18\SRC\TRADIT~1\PROC\p18f8722.asm
                     TOSL   0x000ffd       data     extern C:\MCC18\SRC\TRADIT~1\PROC\p18f8722.asm
                     TOSH   0x000ffe       data     extern C:\MCC18\SRC\TRADIT~1\PROC\p18f8722.asm
                     TOSU   0x000fff       data     extern C:\MCC18\SRC\TRADIT~1\PROC\p18f8722.asm


